Archive member included because of file (symbol)

c:/sjsu_dev/toolchain/bin/../lib/gcc/arm-none-eabi/4.9.3/../../../../arm-none-eabi/lib/armv7-m\libstdc++_nano.a(class_type_info.o)
                              ./L5_Application/source/remote.o (vtable for __cxxabiv1::__class_type_info)
c:/sjsu_dev/toolchain/bin/../lib/gcc/arm-none-eabi/4.9.3/../../../../arm-none-eabi/lib/armv7-m\libstdc++_nano.a(guard.o)
                              ./L5_Application/source/cmd_handlers/handlers.o (__cxa_guard_acquire)
c:/sjsu_dev/toolchain/bin/../lib/gcc/arm-none-eabi/4.9.3/../../../../arm-none-eabi/lib/armv7-m\libstdc++_nano.a(vmi_class_type_info.o)
                              ./L2_Drivers/src/nrf_stream.o (vtable for __cxxabiv1::__vmi_class_type_info)
c:/sjsu_dev/toolchain/bin/../lib/gcc/arm-none-eabi/4.9.3/../../../../arm-none-eabi/lib/armv7-m\libstdc++_nano.a(si_class_type_info.o)
                              ./L5_Application/source/remote.o (vtable for __cxxabiv1::__si_class_type_info)
c:/sjsu_dev/toolchain/bin/../lib/gcc/arm-none-eabi/4.9.3/../../../../arm-none-eabi/lib/armv7-m\libstdc++_nano.a(pure.o)
                              ./L3_Utils/src/scheduler_task.o (__cxa_pure_virtual)
c:/sjsu_dev/toolchain/bin/../lib/gcc/arm-none-eabi/4.9.3/../../../../arm-none-eabi/lib/armv7-m\libstdc++_nano.a(eh_terminate.o)
                              c:/sjsu_dev/toolchain/bin/../lib/gcc/arm-none-eabi/4.9.3/../../../../arm-none-eabi/lib/armv7-m\libstdc++_nano.a(pure.o) (std::terminate())
c:/sjsu_dev/toolchain/bin/../lib/gcc/arm-none-eabi/4.9.3/../../../../arm-none-eabi/lib/armv7-m\libstdc++_nano.a(tinfo.o)
                              c:/sjsu_dev/toolchain/bin/../lib/gcc/arm-none-eabi/4.9.3/../../../../arm-none-eabi/lib/armv7-m\libstdc++_nano.a(class_type_info.o) (std::type_info::~type_info())
c:/sjsu_dev/toolchain/bin/../lib/gcc/arm-none-eabi/4.9.3/../../../../arm-none-eabi/lib/armv7-m\libstdc++_nano.a(eh_unex_handler.o)
                              c:/sjsu_dev/toolchain/bin/../lib/gcc/arm-none-eabi/4.9.3/../../../../arm-none-eabi/lib/armv7-m\libstdc++_nano.a(eh_terminate.o) (__cxxabiv1::__unexpected_handler)
c:/sjsu_dev/toolchain/bin/../lib/gcc/arm-none-eabi/4.9.3/../../../../arm-none-eabi/lib/armv7-m\libstdc++_nano.a(eh_term_handler.o)
                              c:/sjsu_dev/toolchain/bin/../lib/gcc/arm-none-eabi/4.9.3/../../../../arm-none-eabi/lib/armv7-m\libstdc++_nano.a(eh_terminate.o) (__cxxabiv1::__terminate_handler)
c:/sjsu_dev/toolchain/bin/../lib/gcc/arm-none-eabi/4.9.3/armv7-m\libgcc.a(_ashldi3.o)
                              ./L0_LowLevel/source/lpc_peripherals.o (__aeabi_llsl)
c:/sjsu_dev/toolchain/bin/../lib/gcc/arm-none-eabi/4.9.3/armv7-m\libgcc.a(_arm_addsubdf3.o)
                              ./L2_Drivers/base/uart_dev.o (__aeabi_dadd)
c:/sjsu_dev/toolchain/bin/../lib/gcc/arm-none-eabi/4.9.3/armv7-m\libgcc.a(_arm_fixunsdfsi.o)
                              ./L2_Drivers/base/uart_dev.o (__aeabi_d2uiz)
c:/sjsu_dev/toolchain/bin/../lib/gcc/arm-none-eabi/4.9.3/armv7-m\libgcc.a(_arm_truncdfsf2.o)
                              ./L3_Utils/src/str.o (__aeabi_d2f)
c:/sjsu_dev/toolchain/bin/../lib/gcc/arm-none-eabi/4.9.3/armv7-m\libgcc.a(_arm_addsubsf3.o)
                              ./L5_Application/source/cmd_handlers/handlers.o (__aeabi_fsub)
c:/sjsu_dev/toolchain/bin/../lib/gcc/arm-none-eabi/4.9.3/armv7-m\libgcc.a(_arm_muldivsf3.o)
                              ./L5_Application/source/cmd_handlers/handlers.o (__aeabi_fmul)
c:/sjsu_dev/toolchain/bin/../lib/gcc/arm-none-eabi/4.9.3/armv7-m\libgcc.a(_arm_cmpsf2.o)
                              ./L3_Utils/src/str.o (__aeabi_fcmplt)
c:/sjsu_dev/toolchain/bin/../lib/gcc/arm-none-eabi/4.9.3/armv7-m\libgcc.a(_arm_fixsfsi.o)
                              ./L5_Application/source/cmd_handlers/handlers.o (__aeabi_f2iz)
c:/sjsu_dev/toolchain/bin/../lib/gcc/arm-none-eabi/4.9.3/armv7-m\libgcc.a(_arm_fixunssfsi.o)
                              ./L5_Application/source/high_level_init.o (__aeabi_f2uiz)
c:/sjsu_dev/toolchain/bin/../lib/gcc/arm-none-eabi/4.9.3/armv7-m\libgcc.a(_aeabi_uldivmod.o)
                              ./L5_Application/source/cmd_handlers/handlers.o (__aeabi_uldivmod)
c:/sjsu_dev/toolchain/bin/../lib/gcc/arm-none-eabi/4.9.3/armv7-m\libgcc.a(bpabi.o)
                              c:/sjsu_dev/toolchain/bin/../lib/gcc/arm-none-eabi/4.9.3/armv7-m\libgcc.a(_aeabi_uldivmod.o) (__gnu_uldivmod_helper)
c:/sjsu_dev/toolchain/bin/../lib/gcc/arm-none-eabi/4.9.3/armv7-m\libgcc.a(_dvmd_tls.o)
                              c:/sjsu_dev/toolchain/bin/../lib/gcc/arm-none-eabi/4.9.3/armv7-m\libgcc.a(_aeabi_uldivmod.o) (__aeabi_ldiv0)
c:/sjsu_dev/toolchain/bin/../lib/gcc/arm-none-eabi/4.9.3/armv7-m\libgcc.a(_divdi3.o)
                              c:/sjsu_dev/toolchain/bin/../lib/gcc/arm-none-eabi/4.9.3/armv7-m\libgcc.a(bpabi.o) (__divdi3)
c:/sjsu_dev/toolchain/bin/../lib/gcc/arm-none-eabi/4.9.3/armv7-m\libgcc.a(_udivdi3.o)
[...]
Memory Configuration

Name             Origin             Length             Attributes
FLASH            0x00010000         0x00070000         xr
SRAM             0x10000000         0x00008000         xrw
SRAM_AHB         0x2007c000         0x00008000         xrw
*default*        0x00000000         0xffffffff

Linker script and memory map

LOAD ./newlib/malloc_lock.o
LOAD ./newlib/memory.o
LOAD ./newlib/newlib_syscalls.o
LOAD ./newlib/newlib_time.o
LOAD ./L5_Application/source/cmd_handlers/handlers.o
LOAD ./L5_Application/source/cmd_handlers/prog_handlers.o
LOAD ./L5_Application/source/cmd_handlers/wireless_handlers.o
LOAD ./L5_Application/source/high_level_init.o
LOAD ./L5_Application/source/motor.o
LOAD ./L5_Application/source/remote.o
LOAD ./L5_Application/source/terminal.o
LOAD ./L5_Application/periodic_scheduler/period_callbacks.o
LOAD ./L5_Application/periodic_scheduler/prd_dispatcher.o
LOAD ./L5_Application/examples/examples.o
LOAD ./L5_Application/examples/rn_xv_task.o
LOAD ./L5_Application/main.o
LOAD ./L4_IO/wireless/src/mesh.o
LOAD ./L4_IO/wireless/src/nrf24L01Plus.o
LOAD ./L4_IO/wireless/src/wireless.o
LOAD ./L4_IO/src/gpio.o
LOAD ./L4_IO/src/io_source.o
LOAD ./L4_IO/src/storage.o
LOAD ./L4_IO/fat/option/ccsbcs.o
LOAD ./L4_IO/fat/option/reentrant.o
LOAD ./L4_IO/fat/disk/diskio.o
LOAD ./L4_IO/fat/disk/sd.o
LOAD ./L4_IO/fat/disk/spi_flash.o
LOAD ./L4_IO/fat/fatfs_time.o
LOAD ./L4_IO/fat/ff.o
LOAD ./L3_Utils/tlm/src/c_tlm_binary.o
LOAD ./L3_Utils/tlm/src/c_tlm_comp.o
LOAD ./L3_Utils/tlm/src/c_tlm_stream.o
LOAD ./L3_Utils/tlm/src/c_tlm_var.o
LOAD ./L3_Utils/src/c_list.o
LOAD ./L3_Utils/src/command_handler.o
LOAD ./L3_Utils/src/file_logger.o
LOAD ./L3_Utils/src/freertos_timer.o
LOAD ./L3_Utils/src/printf_lib.o
LOAD ./L3_Utils/src/rtc_alarm.o
LOAD ./L3_Utils/src/scheduler_task.o
LOAD ./L3_Utils/src/str.o
LOAD ./L3_Utils/src/utilities.o
LOAD ./L2_Drivers/src/adc.o
LOAD ./L2_Drivers/src/can.o
LOAD ./L2_Drivers/src/eint.o
LOAD ./L2_Drivers/src/i2c2.o
LOAD ./L2_Drivers/src/lpc_pwm.o
LOAD ./L2_Drivers/src/lpc_rit.o
LOAD ./L2_Drivers/src/lpc_timers.o
LOAD ./L2_Drivers/src/nrf_stream.o
LOAD ./L2_Drivers/src/rtc.o
LOAD ./L2_Drivers/src/spi_dma.o
LOAD ./L2_Drivers/src/spi_sem.o
LOAD ./L2_Drivers/src/uart0.o
LOAD ./L2_Drivers/src/uart2.o
LOAD ./L2_Drivers/src/uart3.o
LOAD ./L2_Drivers/base/char_dev.o
LOAD ./L2_Drivers/base/i2c_base.o
LOAD ./L2_Drivers/base/uart_dev.o
LOAD ./L1_FreeRTOS/trace/run_time_counter.o
LOAD ./L1_FreeRTOS/trace/trcBase.o
LOAD ./L1_FreeRTOS/trace/trcHardwarePort.o
LOAD ./L1_FreeRTOS/trace/trcKernel.o
LOAD ./L1_FreeRTOS/trace/trcKernelPort.o
LOAD ./L1_FreeRTOS/trace/trcUser.o
LOAD ./L1_FreeRTOS/src/croutine.o
LOAD ./L1_FreeRTOS/src/event_groups.o
LOAD ./L1_FreeRTOS/src/list.o
LOAD ./L1_FreeRTOS/src/queue.o
LOAD ./L1_FreeRTOS/src/tasks.o
LOAD ./L1_FreeRTOS/src/timers.o
LOAD ./L1_FreeRTOS/portable/no_mpu/port.o
LOAD ./L1_FreeRTOS/portable/run_time_stats.o
LOAD ./L1_FreeRTOS/hooks/hooks.o
LOAD ./L1_FreeRTOS/MemMang/freertos_mem_man.o
LOAD ./L0_LowLevel/source/core_cm3.o
LOAD ./L0_LowLevel/source/low_level_init.o
LOAD ./L0_LowLevel/source/lpc_peripherals.o
LOAD ./L0_LowLevel/source/lpc_sys.o
LOAD ./L0_LowLevel/source/startup.o
LOAD ./L0_LowLevel/source/sys_clock.o
LOAD ./L0_LowLevel/source/uart0_min.o
LOAD c:/sjsu_dev/toolchain/bin/../lib/gcc/arm-none-eabi/4.9.3/../../../../arm-none-eabi/lib/armv7-m\libstdc++_nano.a
LOAD c:/sjsu_dev/toolchain/bin/../lib/gcc/arm-none-eabi/4.9.3/../../../../arm-none-eabi/lib/armv7-m\libm.a
START GROUP
LOAD c:/sjsu_dev/toolchain/bin/../lib/gcc/arm-none-eabi/4.9.3/armv7-m\libgcc.a
LOAD c:/sjsu_dev/toolchain/bin/../lib/gcc/arm-none-eabi/4.9.3/../../../../arm-none-eabi/lib/armv7-m\libc_nano.a
END GROUP
START GROUP
LOAD c:/sjsu_dev/toolchain/bin/../lib/gcc/arm-none-eabi/4.9.3/armv7-m\libgcc.a
LOAD c:/sjsu_dev/toolchain/bin/../lib/gcc/arm-none-eabi/4.9.3/../../../../arm-none-eabi/lib/armv7-m\libc_nano.a
END GROUP

.text           0x00010000    0x165d8
 FILL mask 0xff
 *(.isr_vector)
 .isr_vector    0x00010000       0xcc ./L0_LowLevel/source/startup.o
                0x00010000                g_pfnVectors
                0x000100cc                . = ALIGN (0x4)
                0x000100cc                __section_table_start = .
                0x000100cc                __data_section_table = .
                0x000100cc        0x4 LONG 0x265e0 LOADADDR (.data)
                0x000100d0        0x4 LONG 0x2007c000 ADDR (.data)
                0x000100d4        0x4 LONG 0x1b8 SIZEOF (.data)
                0x000100d8                __data_section_table_end = .
                0x000100d8                __bss_section_table = .
                0x000100d8        0x4 LONG 0x2007c1b8 ADDR (.bss)
                0x000100dc        0x4 LONG 0x4bc SIZEOF (.bss)
                0x000100e0                __bss_section_table_end = .
                0x000100e0                __section_table_end = .
 *(.after_vectors*)
 .after_vectors
                0x000100e0      0x120 ./L0_LowLevel/source/startup.o
                0x000100e0                isr_hard_fault
                0x000100fa                isr_nmi
                0x00010108                isr_mem_fault
                0x00010118                isr_bus_fault
                0x00010128                isr_usage_fault
                0x00010138                isr_debug_mon
                0x00010148                TIMER3_IRQHandler
                0x00010148                UART1_IRQHandler
                0x00010148                EINT2_IRQHandler
                0x00010148                USBAct_IRQHandler
                0x00010148                PLL0_IRQHandler
                0x00010148                I2C1_IRQHandler
                0x00010148                PLL1_IRQHandler
                0x00010148                SSP0_IRQHandler
                0x00010148                CANAct_IRQHandler
                0x00010148                I2S_IRQHandler
                0x00010148                PWM1_IRQHandler
                0x00010148                SPI_IRQHandler
                0x00010148                TIMER2_IRQHandler
                0x00010148                EINT1_IRQHandler
                0x00010148                isr_default_handler
                0x00010148                SSP1_IRQHandler
                0x00010148                ENET_IRQHandler
                0x00010148                USB_IRQHandler
                0x00010148                BOD_IRQHandler
                0x00010148                MCPWM_IRQHandler
                0x00010148                WDT_IRQHandler
                0x00010148                I2C0_IRQHandler
                0x00010148                QEI_IRQHandler
                0x00010148                EINT0_IRQHandler
                0x00010148                DMA_IRQHandler
                0x00010148                TIMER0_IRQHandler
                0x00010158                isr_sys_tick
                0x0001016a                data_init(unsigned int, unsigned int, unsigned int)
                0x00010180                bss_init(unsigned int, unsigned int)
                0x00010192                isr_reset
 *(.text*)
 .text._sbrk    0x00010200       0x78 ./newlib/memory.o
                0x00010200                _sbrk
 .text._Znwj    0x00010278        0x4 ./newlib/memory.o
                0x00010278                operator new(unsigned int)
 .text._ZdlPv   0x0001027c        0x4 ./newlib/memory.o
                0x0001027c                operator delete(void*)
 .text._ZdaPv   0x00010280        0x4 ./newlib/memory.o
                0x00010280                operator delete[](void*)
 .text.sys_get_mem_info
                0x00010284       0xb0 ./newlib/memory.o
                0x00010284                sys_get_mem_info
 .text.__aeabi_atexit
                0x00010334        0x4 ./newlib/memory.o
                0x00010334                __aeabi_atexit
 .text._ZN9__gnu_cxx27__verbose_terminate_handlerEv
                0x00010338        0x2 ./newlib/memory.o
                0x00010338                __gnu_cxx::__verbose_terminate_handler()
 *fill*         0x0001033a        0x2 
 .text.sys_set_outchar_func
                0x0001033c        0xc ./newlib/newlib_syscalls.o
                0x0001033c                sys_set_outchar_func
 .text.sys_set_inchar_func
                0x00010348        0xc ./newlib/newlib_syscalls.o
                0x00010348                sys_set_inchar_func
 .text._kill    0x00010354       0x10 ./newlib/newlib_syscalls.o
                0x00010354                _kill
 .text._exit    0x00010364       0x10 ./newlib/newlib_syscalls.o
                0x00010364                _exit
 .text._getpid  0x00010374        0x4 ./newlib/newlib_syscalls.o
                0x00010374                _getpid
 .text._init    0x00010378        0x4 ./newlib/newlib_syscalls.o
                0x00010378                _init
 .text._write   0x0001037c       0x28 ./newlib/newlib_syscalls.o
                0x0001037c                _write
 .text._read    0x000103a4       0x2c ./newlib/newlib_syscalls.o
                0x000103a4                _read
 .text.syscalls_init
                0x000103d0        0x2 ./newlib/newlib_syscalls.o
                0x000103d0                syscalls_init
 .text._fstat   0x000103d2        0x4 ./newlib/newlib_syscalls.o
                0x000103d2                _fstat
 *fill*         0x000103d6        0x2 
 .text._isatty  0x000103d8       0x24 ./newlib/newlib_syscalls.o
                0x000103d8                _isatty
 .text._lseek   0x000103fc        0x4 ./newlib/newlib_syscalls.o
                0x000103fc                _lseek
 .text._close   0x00010400        0x4 ./newlib/newlib_syscalls.o
                0x00010400                _close
 .text._gettimeofday
                0x00010404       0x7a ./newlib/newlib_time.o
                0x00010404                _gettimeofday
 *fill*         0x0001047e        0x2 
 .text._ZN7Storage13getFlashDriveEv
                0x00010480       0x48 ./L5_Application/source/cmd_handlers/handlers.o
                0x00010480                Storage::getFlashDrive()
 .text._ZN7Storage10getSDDriveEv
                0x000104c8       0x48 ./L5_Application/source/cmd_handlers/handlers.o
                0x000104c8                Storage::getSDDrive()
 .text._Z15taskListHandlerR3strR7CharDevPv
                0x00010510       0xec ./L5_Application/source/cmd_handlers/handlers.o
                0x00010510                taskListHandler(str&, CharDev&, void*)
 .text._Z14memInfoHandlerR3strR7CharDevPv
                0x000105fc       0x22 ./L5_Application/source/cmd_handlers/handlers.o
                0x000105fc                memInfoHandler(str&, CharDev&, void*)
 *fill*         0x0001061e        0x2 
 .text._Z11timeHandlerR3strR7CharDevPv
                0x00010620       0xc4 ./L5_Application/source/cmd_handlers/handlers.o
                0x00010620                timeHandler(str&, CharDev&, void*)
 .text._Z10logHandlerR3strR7CharDevPv
                0x000106e4      0x190 ./L5_Application/source/cmd_handlers/handlers.o
                0x000106e4                logHandler(str&, CharDev&, void*)
 .text._Z9cpHandlerR3strR7CharDevPv
                0x00010874       0x80 ./L5_Application/source/cmd_handlers/handlers.o
                0x00010874                cpHandler(str&, CharDev&, void*)
 .text._Z10catHandlerR3strR7CharDevPv
                0x000108f4      0x10c ./L5_Application/source/cmd_handlers/handlers.o
                0x000108f4                catHandler(str&, CharDev&, void*)
 .text._Z9lsHandlerR3strR7CharDevPv
                0x00010a00      0x180 ./L5_Application/source/cmd_handlers/handlers.o
                0x00010a00                lsHandler(str&, CharDev&, void*)
 .text._Z12mkdirHandlerR3strR7CharDevPv
                0x00010b80       0x3c ./L5_Application/source/cmd_handlers/handlers.o
                0x00010b80                mkdirHandler(str&, CharDev&, void*)
 .text._Z9rmHandlerR3strR7CharDevPv
                0x00010bbc       0x3c ./L5_Application/source/cmd_handlers/handlers.o
                0x00010bbc                rmHandler(str&, CharDev&, void*)
 .text._Z9mvHandlerR3strR7CharDevPv
                0x00010bf8       0x5c ./L5_Application/source/cmd_handlers/handlers.o
                0x00010bf8                mvHandler(str&, CharDev&, void*)
 .text._Z14newFileHandlerR3strR7CharDevPv
                0x00010c54       0xb0 ./L5_Application/source/cmd_handlers/handlers.o
                0x00010c54                newFileHandler(str&, CharDev&, void*)
 .text._Z10dcpHandlerR3strR7CharDevPv
                0x00010d04      0x140 ./L5_Application/source/cmd_handlers/handlers.o
                0x00010d04                dcpHandler(str&, CharDev&, void*)
 .text._Z14storageHandlerR3strR7CharDevPv
                0x00010e44       0xbc ./L5_Application/source/cmd_handlers/handlers.o
                0x00010e44                storageHandler(str&, CharDev&, void*)
 .text._Z13rebootHandlerR3strR7CharDevPv
                0x00010f00       0x30 ./L5_Application/source/cmd_handlers/handlers.o
                0x00010f00                rebootHandler(str&, CharDev&, void*)
 .text._Z14learnIrHandlerR3strR7CharDevPv
                0x00010f30       0x34 ./L5_Application/source/cmd_handlers/handlers.o
                0x00010f30                learnIrHandler(str&, CharDev&, void*)
 .text._ZN17SingletonTemplateI4I2C2E11getInstanceEv
                0x00010f64       0x20 ./L5_Application/source/cmd_handlers/handlers.o
                0x00010f64                SingletonTemplate<I2C2>::getInstance()
 .text._Z12i2cIoHandlerR3strR7CharDevPv
                0x00010f84      0x198 ./L5_Application/source/cmd_handlers/handlers.o
                0x00010f84                i2cIoHandler(str&, CharDev&, void*)
 .text._Z13healthHandlerR3strR7CharDevPv
                0x0001111c      0x1a4 ./L5_Application/source/cmd_handlers/handlers.o
                0x0001111c                healthHandler(str&, CharDev&, void*)
 .text._Z16flashProgHandlerR3strR7CharDevPv
                0x000112c0       0xb8 ./L5_Application/source/cmd_handlers/prog_handlers.o
                0x000112c0                flashProgHandler(str&, CharDev&, void*)
 .text._Z14getFileHandlerR3strR7CharDevPv
                0x00011378      0x130 ./L5_Application/source/cmd_handlers/prog_handlers.o
                0x00011378                getFileHandler(str&, CharDev&, void*)
 .text._ZL25wirelessHandlerPrintStatsR7CharDevP12mesh_stats_th
                0x000114a8       0x3c ./L5_Application/source/cmd_handlers/wireless_handlers.o
 .text._ZL14wsStatsHandlerR3strR7CharDevPv
                0x000114e4       0x1e ./L5_Application/source/cmd_handlers/wireless_handlers.o
 *fill*         0x00011502        0x2 
 .text._ZL11wsTxHandlerR3strR7CharDevPv
                0x00011504      0x118 ./L5_Application/source/cmd_handlers/wireless_handlers.o
 .text._ZL13wsAddrHandlerR3strR7CharDevPv
                0x0001161c       0x34 ./L5_Application/source/cmd_handlers/wireless_handlers.o
 .text._Z12wsRteHandlerR3strR7CharDevPv
                0x00011650       0x74 ./L5_Application/source/cmd_handlers/wireless_handlers.o
                0x00011650                wsRteHandler(str&, CharDev&, void*)
 .text._ZL11wsRxHandlerR3strR7CharDevPv
                0x000116c4       0x80 ./L5_Application/source/cmd_handlers/wireless_handlers.o
 .text._Z15wirelessHandlerR3strR7CharDevPv
                0x00011744      0x160 ./L5_Application/source/cmd_handlers/wireless_handlers.o
                0x00011744                wirelessHandler(str&, CharDev&, void*)
 .text._ZN17SingletonTemplateI12NordicStreamE11getInstanceEv
                0x000118a4       0x20 ./L5_Application/source/cmd_handlers/wireless_handlers.o
                0x000118a4                SingletonTemplate<NordicStream>::getInstance()
 .text._ZL15wsFileTxHandlerR3strR7CharDevPv
                0x000118c4      0x22c ./L5_Application/source/cmd_handlers/wireless_handlers.o
 .text._ZL15wsStreamHandlerR3strR7CharDevPv
                0x00011af0      0x11c ./L5_Application/source/cmd_handlers/wireless_handlers.o
 .text._ZL13hl_print_linev
                0x00011c0c        0xc ./L5_Application/source/high_level_init.o
 .text.ssp_set_max_clock
                0x00011c18       0x2c ./L5_Application/source/high_level_init.o
 .text._ZL16hl_mount_storageR16FileSystemObjectPKc
                0x00011c44       0x94 ./L5_Application/source/high_level_init.o
 .text._ZN17SingletonTemplateI11LED_DisplayE11getInstanceEv
                0x00011cd8       0x24 ./L5_Application/source/high_level_init.o
                0x00011cd8                SingletonTemplate<LED_Display>::getInstance()
 .text._ZN17SingletonTemplateI3LEDE11getInstanceEv
                0x00011cfc       0x1c ./L5_Application/source/high_level_init.o
                0x00011cfc                SingletonTemplate<LED>::getInstance()
 .text._ZN17SingletonTemplateI17TemperatureSensorE11getInstanceEv
                0x00011d18       0x28 ./L5_Application/source/high_level_init.o
                0x00011d18                SingletonTemplate<TemperatureSensor>::getInstance()
 .text._ZN17SingletonTemplateI12Light_SensorE11getInstanceEv
                0x00011d40       0x18 ./L5_Application/source/high_level_init.o
                0x00011d40                SingletonTemplate<Light_Sensor>::getInstance()
 .text._ZN17SingletonTemplateI8SwitchesE11getInstanceEv
                0x00011d58       0x18 ./L5_Application/source/high_level_init.o
                0x00011d58                SingletonTemplate<Switches>::getInstance()
 .text._Z15high_level_initv
                0x00011d70      0x548 ./L5_Application/source/high_level_init.o
                0x00011d70                high_level_init()
 .text._ZN14scheduler_task4initEv
                0x000122b8        0x4 ./L5_Application/source/remote.o
                0x000122b8                scheduler_task::init()
 .text._ZN14scheduler_task6regTlmEv
                0x000122bc        0x4 ./L5_Application/source/remote.o
                0x000122bc                scheduler_task::regTlm()
 .text._ZN14scheduler_task9taskEntryEv
                0x000122c0        0x4 ./L5_Application/source/remote.o
                0x000122c0                scheduler_task::taskEntry()
 .text._ZN17SingletonTemplateI9IR_SensorE11getInstanceEv
                0x000122c4       0x18 ./L5_Application/source/remote.o
                0x000122c4                SingletonTemplate<IR_Sensor>::getInstance()
 .text._ZN12terminalTask6regTlmEv
                0x000122dc        0x4 ./L5_Application/source/terminal.o
                0x000122dc                terminalTask::regTlm()
 .text._ZN6VECTORIN12terminalTask9cmdChan_tEE14changeCapacityEj.part.5
                0x000122e0       0x34 ./L5_Application/source/terminal.o
 .text._ZN12terminalTaskD2Ev
                0x00012314       0x48 ./L5_Application/source/terminal.o
                0x00012314                terminalTask::~terminalTask()
                0x00012314                terminalTask::~terminalTask()
 .text._ZN12terminalTaskD0Ev
                0x0001235c       0x12 ./L5_Application/source/terminal.o
                0x0001235c                terminalTask::~terminalTask()
 *fill*         0x0001236e        0x2 
 .text._ZN12terminalTaskC2Eh
                0x00012370       0xb0 ./L5_Application/source/terminal.o
                0x00012370                terminalTask::terminalTask(unsigned char)
                0x00012370                terminalTask::terminalTask(unsigned char)
 .text._ZN12terminalTask22handleEchoAndBackspaceEPNS_9cmdChan_tEc
                0x00012420       0x74 ./L5_Application/source/terminal.o
                0x00012420                terminalTask::handleEchoAndBackspace(terminalTask::cmdChan_t*, char)
 .text._ZN12terminalTask17addCommandChannelEP7CharDevb
                0x00012494       0x40 ./L5_Application/source/terminal.o
                0x00012494                terminalTask::addCommandChannel(CharDev*, bool)
 .text._ZN12terminalTask10getCommandEv
                0x000124d4      0x126 ./L5_Application/source/terminal.o
                0x000124d4                terminalTask::getCommand()
 *fill*         0x000125fa        0x2 
 .text._ZN12terminalTask3runEPv
                0x000125fc       0x98 ./L5_Application/source/terminal.o
                0x000125fc                terminalTask::run(void*)
 .text._ZN17SingletonTemplateI5Uart0E11getInstanceEv
                0x00012694       0x20 ./L5_Application/source/terminal.o
                0x00012694                SingletonTemplate<Uart0>::getInstance()
 .text._ZN5Uart017putcharIntrDrivenEc
                0x000126b4       0x18 ./L5_Application/source/terminal.o
                0x000126b4                Uart0::putcharIntrDriven(char)
 .text._ZN5Uart017getcharIntrDrivenEc
                0x000126cc       0x22 ./L5_Application/source/terminal.o
                0x000126cc                Uart0::getcharIntrDriven(char)
 *fill*         0x000126ee        0x2 
 .text._ZN12terminalTask9taskEntryEv
                0x000126f0      0x27c ./L5_Application/source/terminal.o
                0x000126f0                terminalTask::taskEntry()
 .text.period_reg_tlm
                0x0001296c        0x4 ./L5_Application/periodic_scheduler/period_callbacks.o
                0x0001296c                period_reg_tlm
 .text.period_1Hz
                0x00012970        0x2 ./L5_Application/periodic_scheduler/period_callbacks.o
                0x00012970                period_1Hz
 .text.period_100Hz
                0x00012972        0x2 ./L5_Application/periodic_scheduler/period_callbacks.o
                0x00012972                period_100Hz
 .text.period_init
                0x00012974       0x2e ./L5_Application/periodic_scheduler/period_callbacks.o
                0x00012974                period_init
 *fill*         0x000129a2        0x2 
 .text.period_10Hz
                0x000129a4      0x2d0 ./L5_Application/periodic_scheduler/period_callbacks.o
                0x000129a4                period_10Hz
 .text.period_1000Hz
                0x00012c74       0x10 ./L5_Application/periodic_scheduler/period_callbacks.o
                0x00012c74                period_1000Hz
 .text._ZN21periodicSchedulerTaskD2Ev
                0x00012c84        0x2 ./L5_Application/periodic_scheduler/prd_dispatcher.o
                0x00012c84                periodicSchedulerTask::~periodicSchedulerTask()
                0x00012c84                periodicSchedulerTask::~periodicSchedulerTask()
 *fill*         0x00012c86        0x2 
 .text._Z15period_task_1HzPv
                0x00012c88       0x28 ./L5_Application/periodic_scheduler/prd_dispatcher.o
                0x00012c88                period_task_1Hz(void*)
 .text._Z16period_task_10HzPv
                0x00012cb0       0x28 ./L5_Application/periodic_scheduler/prd_dispatcher.o
                0x00012cb0                period_task_10Hz(void*)
 .text._Z17period_task_100HzPv
                0x00012cd8       0x28 ./L5_Application/periodic_scheduler/prd_dispatcher.o
                0x00012cd8                period_task_100Hz(void*)
 .text._Z18period_task_1000HzPv
                0x00012d00       0x28 ./L5_Application/periodic_scheduler/prd_dispatcher.o
                0x00012d00                period_task_1000Hz(void*)
 .text._ZN21periodicSchedulerTask4initEv
                0x00012d28        0x4 ./L5_Application/periodic_scheduler/prd_dispatcher.o
                0x00012d28                periodicSchedulerTask::init()
 .text._ZN21periodicSchedulerTask6regTlmEv
                0x00012d2c        0x4 ./L5_Application/periodic_scheduler/prd_dispatcher.o
                0x00012d2c                periodicSchedulerTask::regTlm()
 .text._ZN21periodicSchedulerTaskD0Ev
                0x00012d30        0xc ./L5_Application/periodic_scheduler/prd_dispatcher.o
                0x00012d30                periodicSchedulerTask::~periodicSchedulerTask()
 .text._ZN21periodicSchedulerTaskC2Eb
                0x00012d3c       0xf4 ./L5_Application/periodic_scheduler/prd_dispatcher.o
                0x00012d3c                periodicSchedulerTask::periodicSchedulerTask(bool)
                0x00012d3c                periodicSchedulerTask::periodicSchedulerTask(bool)
 .text._ZN21periodicSchedulerTask23handlePeriodicSemaphoreEhh
                0x00012e30       0x88 ./L5_Application/periodic_scheduler/prd_dispatcher.o
                0x00012e30                periodicSchedulerTask::handlePeriodicSemaphore(unsigned char, unsigned char)
 .text._ZN21periodicSchedulerTask3runEPv
                0x00012eb8       0x42 ./L5_Application/periodic_scheduler/prd_dispatcher.o
                0x00012eb8                periodicSchedulerTask::run(void*)
 .text._ZN12wirelessTaskD2Ev
                0x00012efa        0x2 ./L5_Application/main.o
                0x00012efa                wirelessTask::~wirelessTask()
                0x00012efa                wirelessTask::~wirelessTask()
 .text._ZN12wirelessTask3runEPv
                0x00012efc        0xa ./L5_Application/main.o
                0x00012efc                wirelessTask::run(void*)
 .text._ZN12wirelessTaskD0Ev
                0x00012f06        0xc ./L5_Application/main.o
                0x00012f06                wirelessTask::~wirelessTask()
 *fill*         0x00012f12        0x2 
 .text.startup.main
                0x00012f14       0x64 ./L5_Application/main.o
                0x00012f14                main
 .text.mesh_incr_soft_timers_for_arr
                0x00012f78       0x26 ./L4_IO/wireless/src/mesh.o
 *fill*         0x00012f9e        0x2 
 .text.mesh_update_soft_timers
                0x00012fa0       0x4c ./L4_IO/wireless/src/mesh.o
 .text.mesh_send_packet
                0x00012fec       0x3c ./L4_IO/wireless/src/mesh.o
 .text.mesh_send_retry_packet
                0x00013028       0x34 ./L4_IO/wireless/src/mesh.o
 .text.mesh_find_rte_tbl_entry
                0x0001305c       0x24 ./L4_IO/wireless/src/mesh.o
 .text.mesh_update_rte_scores
                0x00013080       0x28 ./L4_IO/wireless/src/mesh.o
 .text.mesh_get_pnd_pkt_slot
                0x000130a8       0x42 ./L4_IO/wireless/src/mesh.o
 *fill*         0x000130ea        0x2 
 .text.mesh_pending_packets_add
                0x000130ec       0x90 ./L4_IO/wireless/src/mesh.o
 .text.mesh_get_rte_to_modify
                0x0001317c       0x60 ./L4_IO/wireless/src/mesh.o
 .text.mesh_handle_pnd_pkts_for_arr
                0x000131dc      0x180 ./L4_IO/wireless/src/mesh.o
 .text.mesh_set_node_address
                0x0001335c       0x18 ./L4_IO/wireless/src/mesh.o
                0x0001335c                mesh_set_node_address
 .text.mesh_get_node_address
                0x00013374        0xc ./L4_IO/wireless/src/mesh.o
                0x00013374                mesh_get_node_address
 .text.mesh_set_retry_count
                0x00013380       0x10 ./L4_IO/wireless/src/mesh.o
                0x00013380                mesh_set_retry_count
 .text.mesh_form_pkt
                0x00013390       0xfc ./L4_IO/wireless/src/mesh.o
                0x00013390                mesh_form_pkt
 .text.mesh_send_formed_pkt
                0x0001348c       0x50 ./L4_IO/wireless/src/mesh.o
                0x0001348c                mesh_send_formed_pkt
 .text.mesh_init
                0x000134dc      0x104 ./L4_IO/wireless/src/mesh.o
                0x000134dc                mesh_init
 .text.mesh_send
                0x000135e0       0x3e ./L4_IO/wireless/src/mesh.o
                0x000135e0                mesh_send
 .text.mesh_send_ack
                0x0001361e       0x1a ./L4_IO/wireless/src/mesh.o
 .text.mesh_get_routing_entry
                0x00013638       0x2c ./L4_IO/wireless/src/mesh.o
                0x00013638                mesh_get_routing_entry
 .text.mesh_get_num_routing_entries
                0x00013664       0x1c ./L4_IO/wireless/src/mesh.o
                0x00013664                mesh_get_num_routing_entries
 .text.mesh_service
                0x00013680      0x2c4 ./L4_IO/wireless/src/mesh.o
                0x00013680                mesh_service
 .text.mesh_get_pnd_pkt_count
                0x00013944       0x34 ./L4_IO/wireless/src/mesh.o
                0x00013944                mesh_get_pnd_pkt_count
 .text.mesh_get_max_timeout_before_packet_fails
                0x00013978       0x24 ./L4_IO/wireless/src/mesh.o
                0x00013978                mesh_get_max_timeout_before_packet_fails
 .text.mesh_get_stats
                0x0001399c       0x14 ./L4_IO/wireless/src/mesh.o
                0x0001399c                mesh_get_stats
 .text.nordic_transfer
                0x000139b0      0x110 ./L4_IO/wireless/src/nrf24L01Plus.o
 .text.nordic_readRegister
                0x00013ac0       0x20 ./L4_IO/wireless/src/nrf24L01Plus.o
 .text.nordic_writeRegister
                0x00013ae0       0x20 ./L4_IO/wireless/src/nrf24L01Plus.o
 .text.nordic_is_tx_fifo_empty
                0x00013b00        0xe ./L4_IO/wireless/src/nrf24L01Plus.o
                0x00013b00                nordic_is_tx_fifo_empty
 .text.nordic_clear_all_intr_flags
                0x00013b0e        0x8 ./L4_IO/wireless/src/nrf24L01Plus.o
                0x00013b0e                nordic_clear_all_intr_flags
 .text.nordic_queue_tx_fifo
                0x00013b16        0xe ./L4_IO/wireless/src/nrf24L01Plus.o
                0x00013b16                nordic_queue_tx_fifo
 .text.nordic_standby1_to_tx_mode1
                0x00013b24       0x16 ./L4_IO/wireless/src/nrf24L01Plus.o
                0x00013b24                nordic_standby1_to_tx_mode1
 *fill*         0x00013b3a        0x2 
 .text.nordic_rx_to_Stanby1
                0x00013b3c       0x10 ./L4_IO/wireless/src/nrf24L01Plus.o
                0x00013b3c                nordic_rx_to_Stanby1
 .text.nordic_standby1_to_rx
                0x00013b4c       0x24 ./L4_IO/wireless/src/nrf24L01Plus.o
                0x00013b4c                nordic_standby1_to_rx
 .text.nordic_clear_packet_sent_flag
                0x00013b70        0x8 ./L4_IO/wireless/src/nrf24L01Plus.o
                0x00013b70                nordic_clear_packet_sent_flag
 .text.nordic_flush_tx_fifo
                0x00013b78        0xc ./L4_IO/wireless/src/nrf24L01Plus.o
                0x00013b78                nordic_flush_tx_fifo
 .text.nordic_mode1_send_single_packet
                0x00013b84       0x4c ./L4_IO/wireless/src/nrf24L01Plus.o
                0x00013b84                nordic_mode1_send_single_packet
 .text.nordic_is_packet_available
                0x00013bd0       0x12 ./L4_IO/wireless/src/nrf24L01Plus.o
                0x00013bd0                nordic_is_packet_available
 .text.nordic_clear_packet_available_flag
                0x00013be2        0x8 ./L4_IO/wireless/src/nrf24L01Plus.o
                0x00013be2                nordic_clear_packet_available_flag
 .text.nordic_read_rx_fifo
                0x00013bea       0x16 ./L4_IO/wireless/src/nrf24L01Plus.o
                0x00013bea                nordic_read_rx_fifo
 .text.nordic_flush_rx_fifo
                0x00013c00        0xc ./L4_IO/wireless/src/nrf24L01Plus.o
                0x00013c00                nordic_flush_rx_fifo
 .text.nordic_set_intr_signals
                0x00013c0c       0x3e ./L4_IO/wireless/src/nrf24L01Plus.o
                0x00013c0c                nordic_set_intr_signals
 .text.nordic_set_crc
                0x00013c4a       0x38 ./L4_IO/wireless/src/nrf24L01Plus.o
                0x00013c4a                nordic_set_crc
 .text.nordic_power_up
                0x00013c82       0x18 ./L4_IO/wireless/src/nrf24L01Plus.o
                0x00013c82                nordic_power_up
 .text.nordic_power_down
                0x00013c9a       0x16 ./L4_IO/wireless/src/nrf24L01Plus.o
                0x00013c9a                nordic_power_down
 .text.nordic_set_channel
                0x00013cb0       0x24 ./L4_IO/wireless/src/nrf24L01Plus.o
                0x00013cb0                nordic_set_channel
 .text.nordic_set_air_data_rate
                0x00013cd4       0x2c ./L4_IO/wireless/src/nrf24L01Plus.o
                0x00013cd4                nordic_set_air_data_rate
 .text.nordic_set_power_level
                0x00013d00       0x24 ./L4_IO/wireless/src/nrf24L01Plus.o
                0x00013d00                nordic_set_power_level
 .text.nordic_set_auto_transmit_options
                0x00013d24       0x32 ./L4_IO/wireless/src/nrf24L01Plus.o
                0x00013d24                nordic_set_auto_transmit_options
 .text.nordic_set_payload_for_pipe
                0x00013d56       0x14 ./L4_IO/wireless/src/nrf24L01Plus.o
                0x00013d56                nordic_set_payload_for_pipe
 .text.nordic_set_addr_width
                0x00013d6a       0x16 ./L4_IO/wireless/src/nrf24L01Plus.o
                0x00013d6a                nordic_set_addr_width
 .text.nordic_set_tx_address
                0x00013d80        0xe ./L4_IO/wireless/src/nrf24L01Plus.o
                0x00013d80                nordic_set_tx_address
 .text.nordic_set_rx_pipe0_addr
                0x00013d8e        0xe ./L4_IO/wireless/src/nrf24L01Plus.o
                0x00013d8e                nordic_set_rx_pipe0_addr
 .text.nordic_init
                0x00013d9c       0xc8 ./L4_IO/wireless/src/nrf24L01Plus.o
                0x00013d9c                nordic_init
 .text.nrf_driver_init
                0x00013e64       0x70 ./L4_IO/wireless/src/wireless.o
 .text.nrf_driver_app_recv
                0x00013ed4       0x50 ./L4_IO/wireless/src/wireless.o
 .text.nrf_driver_send
                0x00013f24       0x58 ./L4_IO/wireless/src/wireless.o
 .text.nrf_irq_callback
                0x00013f7c       0x34 ./L4_IO/wireless/src/wireless.o
 .text.nrf_driver_receive
                0x00013fb0       0x22 ./L4_IO/wireless/src/wireless.o
 .text.wireless_get_queued_pkt
                0x00013fd2       0x64 ./L4_IO/wireless/src/wireless.o
 .text.nrf_driver_get_timer
                0x00014036       0x28 ./L4_IO/wireless/src/wireless.o
 *fill*         0x0001405e        0x2 
 .text.wireless_init
                0x00014060       0x4c ./L4_IO/wireless/src/wireless.o
                0x00014060                wireless_init
 .text.wireless_get_rx_pkt
                0x000140ac       0x14 ./L4_IO/wireless/src/wireless.o
                0x000140ac                wireless_get_rx_pkt
 .text.wireless_get_ack_pkt
                0x000140c0       0x14 ./L4_IO/wireless/src/wireless.o
                0x000140c0                wireless_get_ack_pkt
 .text.wireless_service
                0x000140d4       0x4c ./L4_IO/wireless/src/wireless.o
                0x000140d4                wireless_service
 .text._ZN11i2c2_device8writeRegEhh
                0x00014120       0x16 ./L4_IO/src/io_source.o
                0x00014120                i2c2_device::writeReg(unsigned char, unsigned char)
 .text._ZN11i2c2_device16get16BitRegisterEh
                0x00014136       0x28 ./L4_IO/src/io_source.o
                0x00014136                i2c2_device::get16BitRegister(unsigned char)
 .text._ZN19Acceleration_Sensor4initEv
                0x0001415e       0x20 ./L4_IO/src/io_source.o
                0x0001415e                Acceleration_Sensor::init()
 *fill*         0x0001417e        0x2 
 .text._ZN9IR_Sensor11storeIrCodeEm
                0x00014180       0x1c ./L4_IO/src/io_source.o
                0x00014180                IR_Sensor::storeIrCode(unsigned long)
 .text._ZN9IR_Sensor12decodeIrCodeEv
                0x0001419c       0x60 ./L4_IO/src/io_source.o
                0x0001419c                IR_Sensor::decodeIrCode()
 .text._ZN9IR_Sensor4initEv
                0x000141fc       0x34 ./L4_IO/src/io_source.o
                0x000141fc                IR_Sensor::init()
 .text._ZN11LED_Display12setLeftDigitEc
                0x00014230       0x18 ./L4_IO/src/io_source.o
                0x00014230                LED_Display::setLeftDigit(char)
 .text._ZN11LED_Display13setRightDigitEc
                0x00014248       0x18 ./L4_IO/src/io_source.o
                0x00014248                LED_Display::setRightDigit(char)
 .text._ZN11LED_Display4initEv
                0x00014260       0x38 ./L4_IO/src/io_source.o
                0x00014260                LED_Display::init()
 .text._ZN11LED_Display9setNumberEc
                0x00014298       0x3c ./L4_IO/src/io_source.o
                0x00014298                LED_Display::setNumber(char)
 .text._ZN3LED4initEv
                0x000142d4        0x4 ./L4_IO/src/io_source.o
                0x000142d4                LED::init()
 .text._ZN3LED6setAllEh
                0x000142d8       0x5c ./L4_IO/src/io_source.o
                0x000142d8                LED::setAll(unsigned char)
 .text._ZN3LED2onEh
                0x00014334       0x26 ./L4_IO/src/io_source.o
                0x00014334                LED::on(unsigned char)
 .text._ZN3LED3offEh
                0x0001435a       0x26 ./L4_IO/src/io_source.o
                0x0001435a                LED::off(unsigned char)
 .text._ZN3LED6toggleEh
                0x00014380       0x26 ./L4_IO/src/io_source.o
                0x00014380                LED::toggle(unsigned char)
 .text._ZN12Light_Sensor4initEv
                0x000143a6        0x4 ./L4_IO/src/io_source.o
                0x000143a6                Light_Sensor::init()
 .text._ZN12Light_Sensor11getRawValueEv
                0x000143aa        0x6 ./L4_IO/src/io_source.o
                0x000143aa                Light_Sensor::getRawValue()
 .text._ZN8Switches4initEv
                0x000143b0        0x4 ./L4_IO/src/io_source.o
                0x000143b0                Switches::init()
 .text._ZN8Switches15getSwitchValuesEv
                0x000143b4       0x18 ./L4_IO/src/io_source.o
                0x000143b4                Switches::getSwitchValues()
 .text._ZN8I2C_Temp4initEv
                0x000143cc       0x22 ./L4_IO/src/io_source.o
                0x000143cc                I2C_Temp::init()
 .text._ZN8I2C_Temp10getCelsiusEv
                0x000143ee       0x32 ./L4_IO/src/io_source.o
                0x000143ee                I2C_Temp::getCelsius()
 .text._ZN8I2C_Temp12getFarenheitEv
                0x00014420       0x24 ./L4_IO/src/io_source.o
                0x00014420                I2C_Temp::getFarenheit()
 .text._ZN7Storage4copyEPKcS1_PjS2_S2_
                0x00014444       0xfa ./L4_IO/src/storage.o
                0x00014444                Storage::copy(char const*, char const*, unsigned int*, unsigned int*, unsigned int*)
 .text._ZN7Storage4readEPKcPvjj
                0x0001453e       0x46 ./L4_IO/src/storage.o
                0x0001453e                Storage::read(char const*, void*, unsigned int, unsigned int)
 .text._ZN7Storage5writeEPKcPvjj
                0x00014584       0x46 ./L4_IO/src/storage.o
                0x00014584                Storage::write(char const*, void*, unsigned int, unsigned int)
 .text._ZN7Storage6appendEPKcPKvjj
                0x000145ca       0x4a ./L4_IO/src/storage.o
                0x000145ca                Storage::append(char const*, void const*, unsigned int, unsigned int)
 .text.ff_convert
                0x00014614       0x38 ./L4_IO/fat/option/ccsbcs.o
                0x00014614                ff_convert
 .text.ff_wtoupper
                0x0001464c       0x24 ./L4_IO/fat/option/ccsbcs.o
                0x0001464c                ff_wtoupper
 .text.ff_cre_syncobj
                0x00014670       0x14 ./L4_IO/fat/option/reentrant.o
                0x00014670                ff_cre_syncobj
 .text.ff_del_syncobj
                0x00014684        0x4 ./L4_IO/fat/option/reentrant.o
                0x00014684                ff_del_syncobj
 .text.ff_req_grant
                0x00014688       0x26 ./L4_IO/fat/option/reentrant.o
                0x00014688                ff_req_grant
 .text.ff_rel_grant
                0x000146ae       0x1e ./L4_IO/fat/option/reentrant.o
                0x000146ae                ff_rel_grant
 .text.disk_initialize
                0x000146cc       0x26 ./L4_IO/fat/disk/diskio.o
                0x000146cc                disk_initialize
 .text.disk_status
                0x000146f2       0x10 ./L4_IO/fat/disk/diskio.o
                0x000146f2                disk_status
 .text.disk_read
                0x00014702       0x38 ./L4_IO/fat/disk/diskio.o
                0x00014702                disk_read
 .text.disk_write
                0x0001473a       0x38 ./L4_IO/fat/disk/diskio.o
                0x0001473a                disk_write
 .text.disk_ioctl
                0x00014772       0x32 ./L4_IO/fat/disk/diskio.o
                0x00014772                disk_ioctl
 .text.sys_get_uptime_ms
                0x000147a4       0x12 ./L4_IO/fat/disk/sd.o
 *fill*         0x000147b6        0x2 
 .text.ssp_set_max_clock.constprop.2
                0x000147b8       0x30 ./L4_IO/fat/disk/sd.o
 .text.ssp1_exchange_byte
                0x000147e8       0x18 ./L4_IO/fat/disk/sd.o
 .text.wait_ready
                0x00014800       0x2e ./L4_IO/fat/disk/sd.o
                0x00014800                wait_ready
 *fill*         0x0001482e        0x2 
 .text.power_off
                0x00014830       0x24 ./L4_IO/fat/disk/sd.o
                0x00014830                power_off
 .text.rcvr_datablock
                0x00014854       0x84 ./L4_IO/fat/disk/sd.o
                0x00014854                rcvr_datablock
 .text.xmit_datablock
                0x000148d8       0x4c ./L4_IO/fat/disk/sd.o
                0x000148d8                xmit_datablock
 .text.send_cmd
                0x00014924       0x8c ./L4_IO/fat/disk/sd.o
                0x00014924                send_cmd
 .text.sd_update_card_status
                0x000149b0       0x24 ./L4_IO/fat/disk/sd.o
                0x000149b0                sd_update_card_status
 .text.sd_initialize
                0x000149d4      0x15c ./L4_IO/fat/disk/sd.o
                0x000149d4                sd_initialize
 .text.sd_status
                0x00014b30       0x10 ./L4_IO/fat/disk/sd.o
                0x00014b30                sd_status
 .text.sd_read  0x00014b40       0x9c ./L4_IO/fat/disk/sd.o
                0x00014b40                sd_read
 .text.sd_write
                0x00014bdc       0xb4 ./L4_IO/fat/disk/sd.o
                0x00014bdc                sd_write
 .text.sd_ioctl
                0x00014c90      0x228 ./L4_IO/fat/disk/sd.o
                0x00014c90                sd_ioctl
 .text._ZL24flash_get_mem_size_bytesv
                0x00014eb8       0x20 ./L4_IO/fat/disk/spi_flash.o
 .text._ZL37flash_perform_page_io_of_fatfs_sectorPFvPhmmES_m
                0x00014ed8       0x74 ./L4_IO/fat/disk/spi_flash.o
 .text.ssp1_exchange_data
                0x00014f4c       0xcc ./L4_IO/fat/disk/spi_flash.o
 .text._ZL18flash_send_op_addr14flash_opcode_tm
                0x00015018       0x24 ./L4_IO/fat/disk/spi_flash.o
 .text._ZL15flash_read_pagePhmm
                0x0001503c       0x44 ./L4_IO/fat/disk/spi_flash.o
 .text._ZL20flash_wait_for_readyv
                0x00015080       0x40 ./L4_IO/fat/disk/spi_flash.o
 .text.flash_initialize
                0x000150c0       0x98 ./L4_IO/fat/disk/spi_flash.o
                0x000150c0                flash_initialize
 .text.flash_read_sectors
                0x00015158       0x4c ./L4_IO/fat/disk/spi_flash.o
                0x00015158                flash_read_sectors
 .text.flash_write_sectors
                0x000151a4       0x48 ./L4_IO/fat/disk/spi_flash.o
                0x000151a4                flash_write_sectors
 .text.flash_ioctl
                0x000151ec       0x38 ./L4_IO/fat/disk/spi_flash.o
                0x000151ec                flash_ioctl
 .text.flash_write_permanent_id
                0x00015224       0x44 ./L4_IO/fat/disk/spi_flash.o
                0x00015224                flash_write_permanent_id
 .text.flash_read_permanent_id
                0x00015268       0x28 ./L4_IO/fat/disk/spi_flash.o
                0x00015268                flash_read_permanent_id
 .text.flash_get_page_count
                0x00015290       0x20 ./L4_IO/fat/disk/spi_flash.o
                0x00015290                flash_get_page_count
 .text.flash_get_page_size
                0x000152b0        0xc ./L4_IO/fat/disk/spi_flash.o
                0x000152b0                flash_get_page_size
 .text.flash_supports_metadata
                0x000152bc       0x10 ./L4_IO/fat/disk/spi_flash.o
                0x000152bc                flash_supports_metadata
 .text._ZL16flash_write_pagePhmm
                0x000152cc       0x8c ./L4_IO/fat/disk/spi_flash.o
 .text.flash_get_page_write_count
                0x00015358       0x54 ./L4_IO/fat/disk/spi_flash.o
                0x00015358                flash_get_page_write_count
 .text.flash_chip_erase
                0x000153ac       0x28 ./L4_IO/fat/disk/spi_flash.o
                0x000153ac                flash_chip_erase
 .text.get_fattime
                0x000153d4       0x52 ./L4_IO/fat/fatfs_time.o
                0x000153d4                get_fattime
 .text.mem_cpy  0x00015426       0x38 ./L4_IO/fat/ff.o
 .text.mem_set  0x0001545e        0xe ./L4_IO/fat/ff.o
 .text.sum_sfn  0x0001546c       0x1e ./L4_IO/fat/ff.o
 .text.get_ldnumber
                0x0001548a       0x3e ./L4_IO/fat/ff.o
 .text.get_fileinfo
                0x000154c8       0xc0 ./L4_IO/fat/ff.o
 .text.sync_window
                0x00015588       0x4a ./L4_IO/fat/ff.o
 *fill*         0x000155d2        0x2 
 .text.sync_fs  0x000155d4       0x78 ./L4_IO/fat/ff.o
 .text.move_window
                0x0001564c       0x34 ./L4_IO/fat/ff.o
 .text.check_fs
                0x00015680       0x4c ./L4_IO/fat/ff.o
 .text.find_volume
                0x000156cc      0x220 ./L4_IO/fat/ff.o
 .text.validate
                0x000158ec       0x3a ./L4_IO/fat/ff.o
 .text.unlock_fs
                0x00015926       0x1a ./L4_IO/fat/ff.o
 .text.clust2sect
                0x00015940       0x16 ./L4_IO/fat/ff.o
                0x00015940                clust2sect
 .text.get_fat  0x00015956       0xa6 ./L4_IO/fat/ff.o
                0x00015956                get_fat
 .text.dir_sdi  0x000159fc       0x82 ./L4_IO/fat/ff.o
 .text.put_fat  0x00015a7e       0xd0 ./L4_IO/fat/ff.o
                0x00015a7e                put_fat
 .text.create_chain
                0x00015b4e       0xa2 ./L4_IO/fat/ff.o
 .text.dir_next
                0x00015bf0       0xee ./L4_IO/fat/ff.o
 *fill*         0x00015cde        0x2 
 .text.dir_find
                0x00015ce0      0x12c ./L4_IO/fat/ff.o
 .text.follow_path
                0x00015e0c      0x25c ./L4_IO/fat/ff.o
 .text.dir_register
                0x00016068      0x208 ./L4_IO/fat/ff.o
 .text.dir_remove
                0x00016270       0x5a ./L4_IO/fat/ff.o
 *fill*         0x000162ca        0x2 
 .text.dir_read.constprop.11
                0x000162cc       0xe0 ./L4_IO/fat/ff.o
 .text.remove_chain
                0x000163ac       0x5a ./L4_IO/fat/ff.o
 *fill*         0x00016406        0x2 
 .text.f_mount  0x00016408       0x7c ./L4_IO/fat/ff.o
                0x00016408                f_mount
 .text.f_open   0x00016484      0x132 ./L4_IO/fat/ff.o
                0x00016484                f_open
 .text.f_read   0x000165b6      0x17c ./L4_IO/fat/ff.o
                0x000165b6                f_read
 .text.f_write  0x00016732      0x1a8 ./L4_IO/fat/ff.o
                0x00016732                f_write
 .text.f_sync   0x000168da       0x8c ./L4_IO/fat/ff.o
                0x000168da                f_sync
 .text.f_close  0x00016966       0x24 ./L4_IO/fat/ff.o
                0x00016966                f_close
 .text.f_lseek  0x0001698a      0x14c ./L4_IO/fat/ff.o
                0x0001698a                f_lseek
 .text.f_opendir
                0x00016ad6       0x88 ./L4_IO/fat/ff.o
                0x00016ad6                f_opendir
 .text.f_readdir
                0x00016b5e       0x5e ./L4_IO/fat/ff.o
                0x00016b5e                f_readdir
 .text.f_getfree
                0x00016bbc       0xca ./L4_IO/fat/ff.o
                0x00016bbc                f_getfree
 .text.f_unlink
                0x00016c86       0xba ./L4_IO/fat/ff.o
                0x00016c86                f_unlink
 .text.f_mkdir  0x00016d40      0x154 ./L4_IO/fat/ff.o
                0x00016d40                f_mkdir
 .text.f_rename
                0x00016e94      0x120 ./L4_IO/fat/ff.o
                0x00016e94                f_rename
 .text.f_mkfs   0x00016fb4      0x4f0 ./L4_IO/fat/ff.o
                0x00016fb4                f_mkfs
 .text.c_list_for_each_elm
                0x000174a4       0x2a ./L3_Utils/src/c_list.o
                0x000174a4                c_list_for_each_elm
 *fill*         0x000174ce        0x2 
 .text._ZN16CommandProcessor10addHandlerEPFbR3strR7CharDevPvEPKcS8_S4_
                0x000174d0       0x7c ./L3_Utils/src/command_handler.o
                0x000174d0                CommandProcessor::addHandler(bool (*)(str&, CharDev&, void*), char const*, char const*, void*)
 .text._ZN16CommandProcessor24getRegisteredCommandListER7CharDev
                0x0001754c       0x9c ./L3_Utils/src/command_handler.o
                0x0001754c                CommandProcessor::getRegisteredCommandList(CharDev&)
 .text._ZN16CommandProcessor11getHelpTextER3strR7CharDev
                0x000175e8       0x70 ./L3_Utils/src/command_handler.o
                0x000175e8                CommandProcessor::getHelpText(str&, CharDev&)
 .text._ZN16CommandProcessor15prepareCmdParamER3strPKc
                0x00017658       0x3c ./L3_Utils/src/command_handler.o
                0x00017658                CommandProcessor::prepareCmdParam(str&, char const*)
 .text._ZN16CommandProcessor13handleCommandER3strR7CharDev
                0x00017694      0x144 ./L3_Utils/src/command_handler.o
                0x00017694                CommandProcessor::handleCommand(str&, CharDev&)
 .text.logger_get_buffer_ptr
                0x000177d8       0x44 ./L3_Utils/src/file_logger.o
 .text.logger_write_to_file
                0x0001781c       0xb0 ./L3_Utils/src/file_logger.o
 .text.logger_task
                0x000178cc       0xc0 ./L3_Utils/src/file_logger.o
 .text.logger_write_log_message
                0x0001798c       0x4c ./L3_Utils/src/file_logger.o
 .text.logger_send_flush_request
                0x000179d8       0x34 ./L3_Utils/src/file_logger.o
                0x000179d8                logger_send_flush_request
 .text.logger_get_logged_call_count
                0x00017a0c       0x14 ./L3_Utils/src/file_logger.o
                0x00017a0c                logger_get_logged_call_count
 .text.logger_get_blocked_call_count
                0x00017a20        0xc ./L3_Utils/src/file_logger.o
                0x00017a20                logger_get_blocked_call_count
 .text.logger_get_highest_file_write_time_ms
                0x00017a2c        0xc ./L3_Utils/src/file_logger.o
                0x00017a2c                logger_get_highest_file_write_time_ms
 .text.logger_get_num_buffers_watermark
                0x00017a38        0xc ./L3_Utils/src/file_logger.o
                0x00017a38                logger_get_num_buffers_watermark
 .text.logger_init
                0x00017a44       0xd4 ./L3_Utils/src/file_logger.o
                0x00017a44                logger_init
 .text.logger_set_printf
                0x00017b18       0x1c ./L3_Utils/src/file_logger.o
                0x00017b18                logger_set_printf
 .text.logger_log
                0x00017b34      0x138 ./L3_Utils/src/file_logger.o
                0x00017b34                logger_log
 .text.logger_log_raw
                0x00017c6c       0x40 ./L3_Utils/src/file_logger.o
                0x00017c6c                logger_log_raw
 .text.u0_dbg_put
                0x00017cac       0x1e ./L3_Utils/src/printf_lib.o
                0x00017cac                u0_dbg_put
 .text.u0_dbg_printf
                0x00017cca       0x3c ./L3_Utils/src/printf_lib.o
                0x00017cca                u0_dbg_printf
 .text.for_each_recur_alarm_callback
                0x00017d06       0x24 ./L3_Utils/src/rtc_alarm.o
 .text.for_each_alarm_callback
                0x00017d2a       0x5a ./L3_Utils/src/rtc_alarm.o
 .text.RTC_IRQHandler
                0x00017d84       0xac ./L3_Utils/src/rtc_alarm.o
                0x00017d84                RTC_IRQHandler
 .text._ZL9printlinePKcS0_
                0x00017e30       0xac ./L3_Utils/src/scheduler_task.o
 .text._ZL9dbg_printPKcS0_
                0x00017edc       0x74 ./L3_Utils/src/scheduler_task.o
 .text._Z24scheduler_c_task_privatePv
                0x00017f50      0x118 ./L3_Utils/src/scheduler_task.o
                0x00017f50                scheduler_c_task_private(void*)
 .text._Z18scheduler_init_allb
                0x00018068       0xe4 ./L3_Utils/src/scheduler_task.o
                0x00018068                scheduler_init_all(bool)
 .text._Z18scheduler_add_taskP14scheduler_task
                0x0001814c       0x1c ./L3_Utils/src/scheduler_task.o
                0x0001814c                scheduler_add_task(scheduler_task*)
 .text._Z15scheduler_startbb
                0x00018168       0x40 ./L3_Utils/src/scheduler_task.o
                0x00018168                scheduler_start(bool, bool)
 .text._ZN14scheduler_taskC2EPKcmhPv
                0x000181a8       0x34 ./L3_Utils/src/scheduler_task.o
                0x000181a8                scheduler_task::scheduler_task(char const*, unsigned long, unsigned char, void*)
                0x000181a8                scheduler_task::scheduler_task(char const*, unsigned long, unsigned char, void*)
 .text._ZN14scheduler_task15getSharedObjectEh
                0x000181dc       0x18 ./L3_Utils/src/scheduler_task.o
                0x000181dc                scheduler_task::getSharedObject(unsigned char)
 .text._ZN3strC2EPci
                0x000181f4       0x2c ./L3_Utils/src/str.o
                0x000181f4                str::str(char*, int)
                0x000181f4                str::str(char*, int)
 .text._ZN3strD2Ev
                0x00018220       0x24 ./L3_Utils/src/str.o
                0x00018220                str::~str()
                0x00018220                str::~str()
 .text._ZNK3str6getLenEv
                0x00018244        0x6 ./L3_Utils/src/str.o
                0x00018244                str::getLen() const
 .text._ZNK3str11getCapacityEv
                0x0001824a        0x4 ./L3_Utils/src/str.o
                0x0001824a                str::getCapacity() const
 .text._ZN3str5clearEv
                0x0001824e        0x8 ./L3_Utils/src/str.o
                0x0001824e                str::clear()
 .text._ZN3str5scanfEPKcz
                0x00018256       0x1c ./L3_Utils/src/str.o
                0x00018256                str::scanf(char const*, ...)
 .text._ZN3str8tokenizeEPKciz
                0x00018272       0x4c ./L3_Utils/src/str.o
                0x00018272                str::tokenize(char const*, int, ...)
 .text._ZNK3str9compareToEPKc
                0x000182be       0x14 ./L3_Utils/src/str.o
                0x000182be                str::compareTo(char const*) const
 .text._ZNK3str19compareToIgnoreCaseEPKc
                0x000182d2       0x10 ./L3_Utils/src/str.o
                0x000182d2                str::compareToIgnoreCase(char const*) const
 .text._ZNK3str22firstIndexOfIgnoreCaseEPKc
                0x000182e2       0x80 ./L3_Utils/src/str.o
                0x000182e2                str::firstIndexOfIgnoreCase(char const*) const
 .text._ZNK3str18containsIgnoreCaseEPKc
                0x00018362        0xe ./L3_Utils/src/str.o
                0x00018362                str::containsIgnoreCase(char const*) const
 .text._ZNK3str12firstIndexOfEPKc
                0x00018370       0x16 ./L3_Utils/src/str.o
                0x00018370                str::firstIndexOf(char const*) const
 .text._ZNK3str10beginsWithEPKc
                0x00018386       0x2e ./L3_Utils/src/str.o
                0x00018386                str::beginsWith(char const*) const
 .text._ZNK3str20beginsWithIgnoreCaseEPKc
                0x000183b4       0x2e ./L3_Utils/src/str.o
                0x000183b4                str::beginsWithIgnoreCase(char const*) const
 .text._ZNK3str29beginsWithWholeWordIgnoreCaseEPKcc
                0x000183e2       0x38 ./L3_Utils/src/str.o
                0x000183e2                str::beginsWithWholeWordIgnoreCase(char const*, char) const
 .text._ZN3str10eraseFirstEi
                0x0001841a       0x28 ./L3_Utils/src/str.o
                0x0001841a                str::eraseFirst(int)
 .text._ZN3str9eraseLastEi
                0x00018442       0x20 ./L3_Utils/src/str.o
                0x00018442                str::eraseLast(int)
 .text._ZN3str10eraseAfterEii
                0x00018462       0x38 ./L3_Utils/src/str.o
                0x00018462                str::eraseAfter(int, int)
 .text._ZN3str5eraseEPKc
                0x0001849a       0x28 ./L3_Utils/src/str.o
                0x0001849a                str::erase(char const*)
 .text._ZN3str15eraseFirstWordsEic
                0x000184c2       0x2a ./L3_Utils/src/str.o
                0x000184c2                str::eraseFirstWords(int, char)
 .text._ZN3str9trimStartEPKc
                0x000184ec       0x40 ./L3_Utils/src/str.o
                0x000184ec                str::trimStart(char const*)
 .text._ZN3str7trimEndEPKc
                0x0001852c       0x3a ./L3_Utils/src/str.o
                0x0001852c                str::trimEnd(char const*)
 .text._ZNK3streqEPKc
                0x00018566        0x4 ./L3_Utils/src/str.o
                0x00018566                str::operator==(char const*) const
 .text._ZNK3strclEv
                0x0001856a        0x4 ./L3_Utils/src/str.o
                0x0001856a                str::operator()() const
 .text._ZNK3strcviEv
                0x0001856e        0x6 ./L3_Utils/src/str.o
                0x0001856e                str::operator int() const
 .text._ZN3strixEi
                0x00018574       0x14 ./L3_Utils/src/str.o
                0x00018574                str::operator[](int)
 .text._ZN3str13reAllocateMemEi
                0x00018588       0x4c ./L3_Utils/src/str.o
                0x00018588                str::reAllocateMem(int)
 .text._ZN3str4initEi
                0x000185d4       0x10 ./L3_Utils/src/str.o
                0x000185d4                str::init(int)
 .text._ZN3strC2Ei
                0x000185e4        0xc ./L3_Utils/src/str.o
                0x000185e4                str::str(int)
                0x000185e4                str::str(int)
 .text._ZN3str7reserveEi
                0x000185f0        0xe ./L3_Utils/src/str.o
                0x000185f0                str::reserve(int)
 .text._ZN3str6printfEPKcz
                0x000185fe       0x42 ./L3_Utils/src/str.o
                0x000185fe                str::printf(char const*, ...)
 .text._ZN3str26ensureMemoryToInsertNCharsEi
                0x00018640       0x22 ./L3_Utils/src/str.o
                0x00018640                str::ensureMemoryToInsertNChars(int)
 .text._ZN3str11insertAtEndEPKc
                0x00018662       0x22 ./L3_Utils/src/str.o
                0x00018662                str::insertAtEnd(char const*)
 .text._ZN3strpLEc
                0x00018684       0x1a ./L3_Utils/src/str.o
                0x00018684                str::operator+=(char)
 .text._ZN3str8copyFromEPKc
                0x0001869e       0x3c ./L3_Utils/src/str.o
                0x0001869e                str::copyFrom(char const*)
 .text._ZN3straSEPKc
                0x000186da        0x4 ./L3_Utils/src/str.o
                0x000186da                str::operator=(char const*)
 .text.delay_us
                0x000186de       0x1c ./L3_Utils/src/utilities.o
                0x000186de                delay_us
 .text.is_freertos_running
                0x000186fa        0xe ./L3_Utils/src/utilities.o
                0x000186fa                is_freertos_running
 .text.delay_ms
                0x00018708       0x22 ./L3_Utils/src/utilities.o
                0x00018708                delay_ms
 *fill*         0x0001872a        0x2 
 .text.adc0_start_conversion
                0x0001872c       0x24 ./L2_Drivers/src/adc.o
 .text.ADC_IRQHandler
                0x00018750       0x44 ./L2_Drivers/src/adc.o
                0x00018750                ADC_IRQHandler
 .text.adc0_init
                0x00018794       0x74 ./L2_Drivers/src/adc.o
                0x00018794                adc0_init
 .text.adc0_get_reading
                0x00018808       0x78 ./L2_Drivers/src/adc.o
                0x00018808                adc0_get_reading
 .text.CAN_tx_now
                0x00018880       0x32 ./L2_Drivers/src/can.o
 *fill*         0x000188b2        0x2 
 .text.CAN_handle_isr
                0x000188b4       0xa4 ./L2_Drivers/src/can.o
 .text.CAN_IRQHandler
                0x00018958       0x28 ./L2_Drivers/src/can.o
                0x00018958                CAN_IRQHandler
 .text.CAN_init
                0x00018980      0x18c ./L2_Drivers/src/can.o
                0x00018980                CAN_init
 .text.CAN_rx   0x00018b0c       0x88 ./L2_Drivers/src/can.o
                0x00018b0c                CAN_rx
 .text.CAN_reset_bus
                0x00018b94       0x18 ./L2_Drivers/src/can.o
                0x00018b94                CAN_reset_bus
 .text.CAN_bypass_filter_accept_all_msgs
                0x00018bac        0xc ./L2_Drivers/src/can.o
                0x00018bac                CAN_bypass_filter_accept_all_msgs
 .text.handle_eint_list
                0x00018bb8       0x2c ./L2_Drivers/src/eint.o
 .text.eint3_enable.isra.0
                0x00018be4       0x38 ./L2_Drivers/src/eint.o
 .text.EINT3_IRQHandler
                0x00018c1c       0x80 ./L2_Drivers/src/eint.o
                0x00018c1c                EINT3_IRQHandler
 .text.eint3_enable_port0
                0x00018c9c       0x30 ./L2_Drivers/src/eint.o
                0x00018c9c                eint3_enable_port0
 .text._ZN4I2C24initEj
                0x00018ccc       0x6c ./L2_Drivers/src/i2c2.o
                0x00018ccc                I2C2::init(unsigned int)
 .text._ZN4I2C2C2Ev
                0x00018d38       0x14 ./L2_Drivers/src/i2c2.o
                0x00018d38                I2C2::I2C2()
                0x00018d38                I2C2::I2C2()
 .text.I2C2_IRQHandler
                0x00018d4c       0x24 ./L2_Drivers/src/i2c2.o
                0x00018d4c                I2C2_IRQHandler
 .text._ZN3PWMC2ENS_7pwmTypeEj
                0x00018d70       0x84 ./L2_Drivers/src/lpc_pwm.o
                0x00018d70                PWM::PWM(PWM::pwmType, unsigned int)
                0x00018d70                PWM::PWM(PWM::pwmType, unsigned int)
 .text._ZN3PWMD2Ev
                0x00018df4       0x30 ./L2_Drivers/src/lpc_pwm.o
                0x00018df4                PWM::~PWM()
                0x00018df4                PWM::~PWM()
 .text._ZN3PWM3setEf
                0x00018e24       0x80 ./L2_Drivers/src/lpc_pwm.o
                0x00018e24                PWM::set(float)
 .text.RIT_IRQHandler
                0x00018ea4       0x1c ./L2_Drivers/src/lpc_rit.o
                0x00018ea4                RIT_IRQHandler
 .text.lpc_timer_get_struct
                0x00018ec0       0x20 ./L2_Drivers/src/lpc_timers.o
 .text.lpc_timer_enable
                0x00018ee0       0x50 ./L2_Drivers/src/lpc_timers.o
                0x00018ee0                lpc_timer_enable
 .text._ZN12NordicStream5flushEv
                0x00018f30       0x62 ./L2_Drivers/src/nrf_stream.o
                0x00018f30                NordicStream::flush()
 *fill*         0x00018f92        0x2 
 .text._ZN12NordicStreamD2Ev
                0x00018f94       0x14 ./L2_Drivers/src/nrf_stream.o
                0x00018f94                NordicStream::~NordicStream()
                0x00018f94                NordicStream::~NordicStream()
 .text._ZN12NordicStreamD0Ev
                0x00018fa8       0x12 ./L2_Drivers/src/nrf_stream.o
                0x00018fa8                NordicStream::~NordicStream()
 .text._ZN12NordicStream7putCharEcj
                0x00018fba       0x22 ./L2_Drivers/src/nrf_stream.o
                0x00018fba                NordicStream::putChar(char, unsigned int)
 .text._ZN12NordicStream7getCharEPcj
                0x00018fdc       0x40 ./L2_Drivers/src/nrf_stream.o
                0x00018fdc                NordicStream::getChar(char*, unsigned int)
 .text._ZN12NordicStreamC2Ev
                0x0001901c       0x40 ./L2_Drivers/src/nrf_stream.o
                0x0001901c                NordicStream::NordicStream()
                0x0001901c                NordicStream::NordicStream()
 .text.rtc_gettime
                0x0001905c       0x50 ./L2_Drivers/src/rtc.o
                0x0001905c                rtc_gettime
 .text.rtc_settime
                0x000190ac       0x68 ./L2_Drivers/src/rtc.o
                0x000190ac                rtc_settime
 .text.rtc_init
                0x00019114       0xd0 ./L2_Drivers/src/rtc.o
                0x00019114                rtc_init
 .text.rtc_get_date_time_str
                0x000191e4       0x14 ./L2_Drivers/src/rtc.o
                0x000191e4                rtc_get_date_time_str
 .text.ssp1_dma_init
                0x000191f8       0x1c ./L2_Drivers/src/spi_dma.o
                0x000191f8                ssp1_dma_init
 .text.ssp1_dma_transfer_block
                0x00019214       0xc4 ./L2_Drivers/src/spi_dma.o
                0x00019214                ssp1_dma_transfer_block
 .text.spi1_lock
                0x000192d8       0x30 ./L2_Drivers/src/spi_sem.o
                0x000192d8                spi1_lock
 .text.spi1_unlock
                0x00019308       0x24 ./L2_Drivers/src/spi_sem.o
                0x00019308                spi1_unlock
 .text._ZN5Uart0D2Ev
                0x0001932c       0x14 ./L2_Drivers/src/uart0.o
                0x0001932c                Uart0::~Uart0()
                0x0001932c                Uart0::~Uart0()
 .text._ZN5Uart0D0Ev
                0x00019340       0x12 ./L2_Drivers/src/uart0.o
                0x00019340                Uart0::~Uart0()
 *fill*         0x00019352        0x2 
 .text._ZN5Uart04initEjii
                0x00019354       0x40 ./L2_Drivers/src/uart0.o
                0x00019354                Uart0::init(unsigned int, int, int)
 .text._ZN5Uart0C2Ev
                0x00019394       0x1c ./L2_Drivers/src/uart0.o
                0x00019394                Uart0::Uart0()
                0x00019394                Uart0::Uart0()
 .text.UART0_IRQHandler
                0x000193b0       0x24 ./L2_Drivers/src/uart0.o
                0x000193b0                UART0_IRQHandler
 .text._ZN5Uart2D2Ev
                0x000193d4       0x14 ./L2_Drivers/src/uart2.o
                0x000193d4                Uart2::~Uart2()
                0x000193d4                Uart2::~Uart2()
 .text._ZN5Uart2D0Ev
                0x000193e8       0x12 ./L2_Drivers/src/uart2.o
                0x000193e8                Uart2::~Uart2()
 *fill*         0x000193fa        0x2 
 .text._ZN5Uart2C2Ev
                0x000193fc       0x1c ./L2_Drivers/src/uart2.o
                0x000193fc                Uart2::Uart2()
                0x000193fc                Uart2::Uart2()
 .text.UART2_IRQHandler
                0x00019418       0x24 ./L2_Drivers/src/uart2.o
                0x00019418                UART2_IRQHandler
 .text._ZN5Uart3D2Ev
                0x0001943c       0x14 ./L2_Drivers/src/uart3.o
                0x0001943c                Uart3::~Uart3()
                0x0001943c                Uart3::~Uart3()
 .text._ZN5Uart3D0Ev
                0x00019450       0x12 ./L2_Drivers/src/uart3.o
                0x00019450                Uart3::~Uart3()
 *fill*         0x00019462        0x2 
 .text._ZN5Uart3C2Ev
                0x00019464       0x1c ./L2_Drivers/src/uart3.o
                0x00019464                Uart3::Uart3()
                0x00019464                Uart3::Uart3()
 .text.UART3_IRQHandler
                0x00019480       0x24 ./L2_Drivers/src/uart3.o
                0x00019480                UART3_IRQHandler
 .text._ZN7CharDev5flushEv
                0x000194a4        0x4 ./L2_Drivers/base/char_dev.o
                0x000194a4                CharDev::flush()
 .text._ZN7CharDev3putEPKcj
                0x000194a8       0x26 ./L2_Drivers/base/char_dev.o
                0x000194a8                CharDev::put(char const*, unsigned int)
 *fill*         0x000194ce        0x2 
 .text._ZN7CharDev7putlineEPKcj
                0x000194d0       0x1c ./L2_Drivers/base/char_dev.o
                0x000194d0                CharDev::putline(char const*, unsigned int)
 .text._ZN7CharDev4getsEPcij
                0x000194ec       0x50 ./L2_Drivers/base/char_dev.o
                0x000194ec                CharDev::gets(char*, int, unsigned int)
 .text._ZN7CharDev6printfEPKcz
                0x0001953c       0x78 ./L2_Drivers/base/char_dev.o
                0x0001953c                CharDev::printf(char const*, ...)
 .text._ZN7CharDevC2Ev
                0x000195b4       0x20 ./L2_Drivers/base/char_dev.o
                0x000195b4                CharDev::CharDev()
                0x000195b4                CharDev::CharDev()
 .text._ZN7CharDevD2Ev
                0x000195d4       0x18 ./L2_Drivers/base/char_dev.o
                0x000195d4                CharDev::~CharDev()
                0x000195d4                CharDev::~CharDev()
 .text._ZN8I2C_Base8transferEhhPhm
                0x000195ec       0xda ./L2_Drivers/base/i2c_base.o
                0x000195ec                I2C_Base::transfer(unsigned char, unsigned char, unsigned char*, unsigned long)
 .text._ZN8I2C_Base13readRegistersEhhPhm
                0x000196c6        0x8 ./L2_Drivers/base/i2c_base.o
                0x000196c6                I2C_Base::readRegisters(unsigned char, unsigned char, unsigned char*, unsigned long)
 .text._ZN8I2C_Base7readRegEhh
                0x000196ce       0x1a ./L2_Drivers/base/i2c_base.o
                0x000196ce                I2C_Base::readReg(unsigned char, unsigned char)
 .text._ZN8I2C_Base14writeRegistersEhhPhm
                0x000196e8        0x8 ./L2_Drivers/base/i2c_base.o
                0x000196e8                I2C_Base::writeRegisters(unsigned char, unsigned char, unsigned char*, unsigned long)
 .text._ZN8I2C_Base8writeRegEhhh
                0x000196f0       0x16 ./L2_Drivers/base/i2c_base.o
                0x000196f0                I2C_Base::writeReg(unsigned char, unsigned char, unsigned char)
 .text._ZN8I2C_Base19checkDeviceResponseEh
                0x00019706       0x16 ./L2_Drivers/base/i2c_base.o
                0x00019706                I2C_Base::checkDeviceResponse(unsigned char)
 .text._ZN8I2C_BaseC2EP15LPC_I2C_TypeDef
                0x0001971c       0x50 ./L2_Drivers/base/i2c_base.o
                0x0001971c                I2C_Base::I2C_Base(LPC_I2C_TypeDef*)
                0x0001971c                I2C_Base::I2C_Base(LPC_I2C_TypeDef*)
 .text._ZN8I2C_Base4initEmm
                0x0001976c       0x8c ./L2_Drivers/base/i2c_base.o
                0x0001976c                I2C_Base::init(unsigned long, unsigned long)
 .text._ZN8I2C_Base15i2cStateMachineEv
                0x000197f8      0x122 ./L2_Drivers/base/i2c_base.o
                0x000197f8                I2C_Base::i2cStateMachine()
 *fill*         0x0001991a        0x2 
 .text._ZN8I2C_Base15handleInterruptEv
                0x0001991c       0x34 ./L2_Drivers/base/i2c_base.o
                0x0001991c                I2C_Base::handleInterrupt()
 .text._ZN7UartDevD2Ev
                0x00019950       0x14 ./L2_Drivers/base/uart_dev.o
                0x00019950                UartDev::~UartDev()
                0x00019950                UartDev::~UartDev()
 .text._ZN7UartDevD0Ev
                0x00019964       0x12 ./L2_Drivers/base/uart_dev.o
                0x00019964                UartDev::~UartDev()
 .text._ZN7UartDev7putCharEcj
                0x00019976       0x5a ./L2_Drivers/base/uart_dev.o
                0x00019976                UartDev::putChar(char, unsigned int)
 .text._ZN7UartDev5flushEv
                0x000199d0       0x20 ./L2_Drivers/base/uart_dev.o
                0x000199d0                UartDev::flush()
 .text._ZN7UartDev7getCharEPcj
                0x000199f0       0x6c ./L2_Drivers/base/uart_dev.o
                0x000199f0                UartDev::getChar(char*, unsigned int)
 .text._ZN7UartDev11setBaudRateEj
                0x00019a5c       0x3c ./L2_Drivers/base/uart_dev.o
                0x00019a5c                UartDev::setBaudRate(unsigned int)
 .text._ZN7UartDev15handleInterruptEv
                0x00019a98       0xbc ./L2_Drivers/base/uart_dev.o
                0x00019a98                UartDev::handleInterrupt()
 .text._ZN7UartDevC2EPj
                0x00019b54       0x28 ./L2_Drivers/base/uart_dev.o
                0x00019b54                UartDev::UartDev(unsigned int*)
                0x00019b54                UartDev::UartDev(unsigned int*)
 .text._ZN7UartDev4initEjjii
                0x00019b7c       0xb0 ./L2_Drivers/base/uart_dev.o
                0x00019b7c                UartDev::init(unsigned int, unsigned int, int, int)
 .text.vListInitialise
                0x00019c2c       0x16 ./L1_FreeRTOS/src/list.o
                0x00019c2c                vListInitialise
 .text.vListInitialiseItem
                0x00019c42        0x6 ./L1_FreeRTOS/src/list.o
                0x00019c42                vListInitialiseItem
 .text.vListInsertEnd
                0x00019c48       0x18 ./L1_FreeRTOS/src/list.o
                0x00019c48                vListInsertEnd
 .text.vListInsert
                0x00019c60       0x30 ./L1_FreeRTOS/src/list.o
                0x00019c60                vListInsert
 .text.uxListRemove
                0x00019c90       0x20 ./L1_FreeRTOS/src/list.o
                0x00019c90                uxListRemove
 .text.prvCopyDataToQueue
                0x00019cb0       0x70 ./L1_FreeRTOS/src/queue.o
 .text.prvNotifyQueueSetContainer
                0x00019d20       0x4a ./L1_FreeRTOS/src/queue.o
 .text.prvCopyDataFromQueue
                0x00019d6a       0x28 ./L1_FreeRTOS/src/queue.o
 .text.prvUnlockQueue
                0x00019d92       0x78 ./L1_FreeRTOS/src/queue.o
 *fill*         0x00019e0a        0x2 
 .text.xQueueGenericReset
                0x00019e0c       0x6c ./L1_FreeRTOS/src/queue.o
                0x00019e0c                xQueueGenericReset
 .text.xQueueGenericCreate
                0x00019e78       0x38 ./L1_FreeRTOS/src/queue.o
                0x00019e78                xQueueGenericCreate
 .text.xQueueCreateCountingSemaphore
                0x00019eb0       0x12 ./L1_FreeRTOS/src/queue.o
                0x00019eb0                xQueueCreateCountingSemaphore
 *fill*         0x00019ec2        0x2 
 .text.xQueueGenericSend
                0x00019ec4      0x104 ./L1_FreeRTOS/src/queue.o
                0x00019ec4                xQueueGenericSend
 .text.xQueueCreateMutex
                0x00019fc8       0x24 ./L1_FreeRTOS/src/queue.o
                0x00019fc8                xQueueCreateMutex
 .text.xQueueGenericSendFromISR
                0x00019fec       0x7c ./L1_FreeRTOS/src/queue.o
                0x00019fec                xQueueGenericSendFromISR
 .text.xQueueGiveFromISR
                0x0001a068       0x62 ./L1_FreeRTOS/src/queue.o
                0x0001a068                xQueueGiveFromISR
 *fill*         0x0001a0ca        0x2 
 .text.xQueueGenericReceive
                0x0001a0cc      0x128 ./L1_FreeRTOS/src/queue.o
                0x0001a0cc                xQueueGenericReceive
 .text.xQueueReceiveFromISR
                0x0001a1f4       0x64 ./L1_FreeRTOS/src/queue.o
                0x0001a1f4                xQueueReceiveFromISR
 .text.uxQueueMessagesWaiting
                0x0001a258       0x12 ./L1_FreeRTOS/src/queue.o
                0x0001a258                uxQueueMessagesWaiting
 .text.uxQueueMessagesWaitingFromISR
                0x0001a26a        0x4 ./L1_FreeRTOS/src/queue.o
                0x0001a26a                uxQueueMessagesWaitingFromISR
 .text.xQueueSelectFromSet
                0x0001a26e       0x18 ./L1_FreeRTOS/src/queue.o
                0x0001a26e                xQueueSelectFromSet
 .text.prvResetRunTimeStatsInList
                0x0001a286       0x2e ./L1_FreeRTOS/src/tasks.o
 .text.prvIdleTask
                0x0001a2b4       0x28 ./L1_FreeRTOS/src/tasks.o
 .text.prvResetNextTaskUnblockTime
                0x0001a2dc       0x24 ./L1_FreeRTOS/src/tasks.o
 .text.prvAddCurrentTaskToDelayedList
                0x0001a300       0x90 ./L1_FreeRTOS/src/tasks.o
 .text.xTaskCreate
                0x0001a390      0x1a4 ./L1_FreeRTOS/src/tasks.o
                0x0001a390                xTaskCreate
 .text.eTaskGetState
                0x0001a534       0x54 ./L1_FreeRTOS/src/tasks.o
                0x0001a534                eTaskGetState
 .text.vTaskStartScheduler
                0x0001a588       0x64 ./L1_FreeRTOS/src/tasks.o
                0x0001a588                vTaskStartScheduler
 .text.vTaskEndScheduler
                0x0001a5ec       0x20 ./L1_FreeRTOS/src/tasks.o
                0x0001a5ec                vTaskEndScheduler
 .text.vTaskSuspendAll
                0x0001a60c       0x10 ./L1_FreeRTOS/src/tasks.o
                0x0001a60c                vTaskSuspendAll
 .text.xTaskGetTickCount
                0x0001a61c        0xc ./L1_FreeRTOS/src/tasks.o
                0x0001a61c                xTaskGetTickCount
 .text.xTaskGetTickCountFromISR
                0x0001a628        0xc ./L1_FreeRTOS/src/tasks.o
                0x0001a628                xTaskGetTickCountFromISR
 .text.uxTaskGetNumberOfTasks
                0x0001a634        0xc ./L1_FreeRTOS/src/tasks.o
                0x0001a634                uxTaskGetNumberOfTasks
 .text.xTaskIncrementTick
                0x0001a640       0xfc ./L1_FreeRTOS/src/tasks.o
                0x0001a640                xTaskIncrementTick
 .text.xTaskResumeAll
                0x0001a73c       0xd0 ./L1_FreeRTOS/src/tasks.o
                0x0001a73c                xTaskResumeAll
 .text.vTaskDelayUntil
                0x0001a80c       0x5c ./L1_FreeRTOS/src/tasks.o
                0x0001a80c                vTaskDelayUntil
 .text.vTaskDelay
                0x0001a868       0x34 ./L1_FreeRTOS/src/tasks.o
                0x0001a868                vTaskDelay
 .text.vTaskSwitchContext
                0x0001a89c       0xc4 ./L1_FreeRTOS/src/tasks.o
                0x0001a89c                vTaskSwitchContext
 .text.vTaskSuspend
                0x0001a960       0xb4 ./L1_FreeRTOS/src/tasks.o
                0x0001a960                vTaskSuspend
 .text.vTaskPlaceOnEventList
                0x0001aa14       0x20 ./L1_FreeRTOS/src/tasks.o
                0x0001aa14                vTaskPlaceOnEventList
 .text.xTaskRemoveFromEventList
                0x0001aa34       0x6c ./L1_FreeRTOS/src/tasks.o
                0x0001aa34                xTaskRemoveFromEventList
 .text.vTaskSetTimeOutState
                0x0001aaa0       0x18 ./L1_FreeRTOS/src/tasks.o
                0x0001aaa0                vTaskSetTimeOutState
 .text.xTaskCheckForTimeOut
                0x0001aab8       0x4c ./L1_FreeRTOS/src/tasks.o
                0x0001aab8                xTaskCheckForTimeOut
 .text.vTaskMissedYield
                0x0001ab04        0xc ./L1_FreeRTOS/src/tasks.o
                0x0001ab04                vTaskMissedYield
 .text.vTaskGetInfo
                0x0001ab10       0x80 ./L1_FreeRTOS/src/tasks.o
                0x0001ab10                vTaskGetInfo
 .text.prvListTasksWithinSingleList
                0x0001ab90       0x5a ./L1_FreeRTOS/src/tasks.o
 *fill*         0x0001abea        0x2 
 .text.uxTaskGetSystemState
                0x0001abec       0x94 ./L1_FreeRTOS/src/tasks.o
                0x0001abec                uxTaskGetSystemState
 .text.uxTaskGetStackHighWaterMark
                0x0001ac80       0x20 ./L1_FreeRTOS/src/tasks.o
                0x0001ac80                uxTaskGetStackHighWaterMark
 .text.xTaskGetSchedulerState
                0x0001aca0       0x20 ./L1_FreeRTOS/src/tasks.o
                0x0001aca0                xTaskGetSchedulerState
 .text.vTaskPriorityInherit
                0x0001acc0       0x94 ./L1_FreeRTOS/src/tasks.o
                0x0001acc0                vTaskPriorityInherit
 .text.xTaskPriorityDisinherit
                0x0001ad54       0x70 ./L1_FreeRTOS/src/tasks.o
                0x0001ad54                xTaskPriorityDisinherit
 .text.pvTaskIncrementMutexHeldCount
                0x0001adc4       0x18 ./L1_FreeRTOS/src/tasks.o
                0x0001adc4                pvTaskIncrementMutexHeldCount
 .text.vTaskResetRunTimeStats
                0x0001addc       0x70 ./L1_FreeRTOS/src/tasks.o
                0x0001addc                vTaskResetRunTimeStats
 .text.vRunTimeStatIsrEntry
                0x0001ae4c       0x28 ./L1_FreeRTOS/src/tasks.o
                0x0001ae4c                vRunTimeStatIsrEntry
 .text.vRunTimeStatIsrExit
                0x0001ae74       0x10 ./L1_FreeRTOS/src/tasks.o
                0x0001ae74                vRunTimeStatIsrExit
 .text.prvTaskExitError
                0x0001ae84       0x12 ./L1_FreeRTOS/portable/no_mpu/port.o
 *fill*         0x0001ae96        0x2 
 .text.prvPortStartFirstTask
                0x0001ae98       0x20 ./L1_FreeRTOS/portable/no_mpu/port.o
 .text.pxPortInitialiseStack
                0x0001aeb8       0x24 ./L1_FreeRTOS/portable/no_mpu/port.o
                0x0001aeb8                pxPortInitialiseStack
 *fill*         0x0001aedc        0x4 
 .text.vPortSVCHandler
                0x0001aee0       0x30 ./L1_FreeRTOS/portable/no_mpu/port.o
                0x0001aee0                vPortSVCHandler
 .text.vPortEndScheduler
                0x0001af10        0x2 ./L1_FreeRTOS/portable/no_mpu/port.o
                0x0001af10                vPortEndScheduler
 *fill*         0x0001af12        0x2 
 .text.vPortEnterCritical
                0x0001af14       0x20 ./L1_FreeRTOS/portable/no_mpu/port.o
                0x0001af14                vPortEnterCritical
 .text.vPortExitCritical
                0x0001af34       0x14 ./L1_FreeRTOS/portable/no_mpu/port.o
                0x0001af34                vPortExitCritical
 *fill*         0x0001af48        0x8 
 .text.xPortPendSVHandler
                0x0001af50       0x50 ./L1_FreeRTOS/portable/no_mpu/port.o
                0x0001af50                xPortPendSVHandler
 .text.xPortSysTickHandler
                0x0001afa0       0x2c ./L1_FreeRTOS/portable/no_mpu/port.o
                0x0001afa0                xPortSysTickHandler
 .text.vPortSetupTimerInterrupt
                0x0001afcc       0x14 ./L1_FreeRTOS/portable/no_mpu/port.o
                0x0001afcc                vPortSetupTimerInterrupt
 .text.xPortStartScheduler
                0x0001afe0       0x30 ./L1_FreeRTOS/portable/no_mpu/port.o
                0x0001afe0                xPortStartScheduler
 .text.rts_not_full_trace_init
                0x0001b010       0x14 ./L1_FreeRTOS/portable/run_time_stats.o
                0x0001b010                rts_not_full_trace_init
 .text.rts_not_full_trace_get
                0x0001b024       0x14 ./L1_FreeRTOS/portable/run_time_stats.o
                0x0001b024                rts_not_full_trace_get
 .text.rts_not_full_trace_reset
                0x0001b038       0x14 ./L1_FreeRTOS/portable/run_time_stats.o
                0x0001b038                rts_not_full_trace_reset
 .text.vApplicationIdleHook
                0x0001b04c        0x4 ./L1_FreeRTOS/hooks/hooks.o
                0x0001b04c                vApplicationIdleHook
 .text.vApplicationStackOverflowHook
                0x0001b050       0x38 ./L1_FreeRTOS/hooks/hooks.o
                0x0001b050                vApplicationStackOverflowHook
 .text.vApplicationMallocFailedHook
                0x0001b088       0x24 ./L1_FreeRTOS/hooks/hooks.o
                0x0001b088                vApplicationMallocFailedHook
 .text.pvPortMalloc
                0x0001b0ac       0x1e ./L1_FreeRTOS/MemMang/freertos_mem_man.o
                0x0001b0ac                pvPortMalloc
 .text.vPortFree
                0x0001b0ca       0x1a ./L1_FreeRTOS/MemMang/freertos_mem_man.o
                0x0001b0ca                vPortFree
 .text.__set_PSP
                0x0001b0e4        0x6 ./L0_LowLevel/source/core_cm3.o
                0x0001b0e4                __set_PSP
 .text.__set_MSP
                0x0001b0ea        0x6 ./L0_LowLevel/source/core_cm3.o
                0x0001b0ea                __set_MSP
 .text.__set_BASEPRI
                0x0001b0f0        0x6 ./L0_LowLevel/source/core_cm3.o
                0x0001b0f0                __set_BASEPRI
 *fill*         0x0001b0f6        0x2 
 .text.sys_get_boot_type
                0x0001b0f8        0xc ./L0_LowLevel/source/low_level_init.o
                0x0001b0f8                sys_get_boot_type
 .text.sys_get_boot_time
                0x0001b104       0x14 ./L0_LowLevel/source/low_level_init.o
                0x0001b104                sys_get_boot_time
 .text._Z14low_level_initv
                0x0001b118      0x238 ./L0_LowLevel/source/low_level_init.o
                0x0001b118                low_level_init()
 .text.lpc_pconp
                0x0001b350       0x30 ./L0_LowLevel/source/lpc_peripherals.o
                0x0001b350                lpc_pconp
 .text.lpc_pclk
                0x0001b380       0x4c ./L0_LowLevel/source/lpc_peripherals.o
                0x0001b380                lpc_pclk
 .text.lpc_sys_setup_system_timer
                0x0001b3cc       0x54 ./L0_LowLevel/source/lpc_sys.o
                0x0001b3cc                lpc_sys_setup_system_timer
 .text.sys_get_uptime_us
                0x0001b420       0x28 ./L0_LowLevel/source/lpc_sys.o
                0x0001b420                sys_get_uptime_us
 .text.sys_get_mem_info_str
                0x0001b448       0x38 ./L0_LowLevel/source/lpc_sys.o
                0x0001b448                sys_get_mem_info_str
 .text.TIMER1_IRQHandler
                0x0001b480       0xbc ./L0_LowLevel/source/lpc_sys.o
                0x0001b480                TIMER1_IRQHandler
 .text.isr_forwarder_routine
                0x0001b53c       0x3c ./L0_LowLevel/source/startup.o
 .text.isr_hard_fault_handler
                0x0001b578       0x58 ./L0_LowLevel/source/startup.o
                0x0001b578                isr_hard_fault_handler
 .text._ZL19sys_clock_pll0_feedv
                0x0001b5d0       0x14 ./L0_LowLevel/source/sys_clock.o
 .text._ZL23sys_clock_configure_plljjPiS_S_.constprop.0
                0x0001b5e4       0x7c ./L0_LowLevel/source/sys_clock.o
 .text._Z19sys_clock_configurev
                0x0001b660       0xb0 ./L0_LowLevel/source/sys_clock.o
                0x0001b660                sys_clock_configure()
 .text.sys_get_cpu_clock
                0x0001b710       0xa4 ./L0_LowLevel/source/sys_clock.o
                0x0001b710                sys_get_cpu_clock
 .text.uart0_init
                0x0001b7b4       0x60 ./L0_LowLevel/source/uart0_min.o
                0x0001b7b4                uart0_init
 .text.uart0_getchar
                0x0001b814       0x18 ./L0_LowLevel/source/uart0_min.o
                0x0001b814                uart0_getchar
 .text.uart0_putchar
                0x0001b82c       0x18 ./L0_LowLevel/source/uart0_min.o
                0x0001b82c                uart0_putchar
 .text.uart0_puts
                0x0001b844       0x1a ./L0_LowLevel/source/uart0_min.o
                0x0001b844                uart0_puts
 .text._ZNK10__cxxabiv117__class_type_info11__do_upcastEPKS0_PPv
                0x0001b85e       0x34 c:/sjsu_dev/toolchain/bin/../lib/gcc/arm-none-eabi/4.9.3/../../../../arm-none-eabi/lib/armv7-m\libstdc++_nano.a(class_type_info.o)
                0x0001b85e                __cxxabiv1::__class_type_info::__do_upcast(__cxxabiv1::__class_type_info const*, void**) const
 .text._ZNK10__cxxabiv117__class_type_info20__do_find_public_srcEiPKvPKS0_S2_
                0x0001b892        0xc c:/sjsu_dev/toolchain/bin/../lib/gcc/arm-none-eabi/4.9.3/../../../../arm-none-eabi/lib/armv7-m\libstdc++_nano.a(class_type_info.o)
                0x0001b892                __cxxabiv1::__class_type_info::__do_find_public_src(int, void const*, __cxxabiv1::__class_type_info const*, void const*) const
 *fill*         0x0001b89e        0x2 
 .text._ZN10__cxxabiv117__class_type_infoD2Ev
                0x0001b8a0       0x14 c:/sjsu_dev/toolchain/bin/../lib/gcc/arm-none-eabi/4.9.3/../../../../arm-none-eabi/lib/armv7-m\libstdc++_nano.a(class_type_info.o)
                0x0001b8a0                __cxxabiv1::__class_type_info::~__class_type_info()
                0x0001b8a0                __cxxabiv1::__class_type_info::~__class_type_info()
 .text._ZN10__cxxabiv117__class_type_infoD0Ev
                0x0001b8b4       0x12 c:/sjsu_dev/toolchain/bin/../lib/gcc/arm-none-eabi/4.9.3/../../../../arm-none-eabi/lib/armv7-m\libstdc++_nano.a(class_type_info.o)
                0x0001b8b4                __cxxabiv1::__class_type_info::~__class_type_info()
 .text._ZNK10__cxxabiv117__class_type_info11__do_upcastEPKS0_PKvRNS0_15__upcast_resultE
                0x0001b8c6       0x18 c:/sjsu_dev/toolchain/bin/../lib/gcc/arm-none-eabi/4.9.3/../../../../arm-none-eabi/lib/armv7-m\libstdc++_nano.a(class_type_info.o)
                0x0001b8c6                __cxxabiv1::__class_type_info::__do_upcast(__cxxabiv1::__class_type_info const*, void const*, __cxxabiv1::__class_type_info::__upcast_result&) const
 .text._ZNK10__cxxabiv117__class_type_info10__do_catchEPKSt9type_infoPPvj
                0x0001b8de       0x2a c:/sjsu_dev/toolchain/bin/../lib/gcc/arm-none-eabi/4.9.3/../../../../arm-none-eabi/lib/armv7-m\libstdc++_nano.a(class_type_info.o)
                0x0001b8de                __cxxabiv1::__class_type_info::__do_catch(std::type_info const*, void**, unsigned int) const
 .text._ZNK10__cxxabiv117__class_type_info12__do_dyncastEiNS0_10__sub_kindEPKS0_PKvS3_S5_RNS0_16__dyncast_resultE
                0x0001b908       0x38 c:/sjsu_dev/toolchain/bin/../lib/gcc/arm-none-eabi/4.9.3/../../../../arm-none-eabi/lib/armv7-m\libstdc++_nano.a(class_type_info.o)
                0x0001b908                __cxxabiv1::__class_type_info::__do_dyncast(int, __cxxabiv1::__class_type_info::__sub_kind, __cxxabiv1::__class_type_info const*, void const*, __cxxabiv1::__class_type_info const*, void const*, __cxxabiv1::__class_type_info::__dyncast_result&) const
 .text.__cxa_guard_acquire
                0x0001b940       0x18 c:/sjsu_dev/toolchain/bin/../lib/gcc/arm-none-eabi/4.9.3/../../../../arm-none-eabi/lib/armv7-m\libstdc++_nano.a(guard.o)
                0x0001b940                __cxa_guard_acquire
 .text.__cxa_guard_release
                0x0001b958        0x6 c:/sjsu_dev/toolchain/bin/../lib/gcc/arm-none-eabi/4.9.3/../../../../arm-none-eabi/lib/armv7-m\libstdc++_nano.a(guard.o)
                0x0001b958                __cxa_guard_release
 *fill*         0x0001b95e        0x2 
 .text._ZN10__cxxabiv121__vmi_class_type_infoD2Ev
                0x0001b960       0x14 c:/sjsu_dev/toolchain/bin/../lib/gcc/arm-none-eabi/4.9.3/../../../../arm-none-eabi/lib/armv7-m\libstdc++_nano.a(vmi_class_type_info.o)
                0x0001b960                __cxxabiv1::__vmi_class_type_info::~__vmi_class_type_info()
                0x0001b960                __cxxabiv1::__vmi_class_type_info::~__vmi_class_type_info()
 .text._ZN10__cxxabiv121__vmi_class_type_infoD0Ev
                0x0001b974       0x12 c:/sjsu_dev/toolchain/bin/../lib/gcc/arm-none-eabi/4.9.3/../../../../arm-none-eabi/lib/armv7-m\libstdc++_nano.a(vmi_class_type_info.o)
                0x0001b974                __cxxabiv1::__vmi_class_type_info::~__vmi_class_type_info()
 .text._ZNK10__cxxabiv121__vmi_class_type_info20__do_find_public_srcEiPKvPKNS_17__class_type_infoES2_
                0x0001b986       0x76 c:/sjsu_dev/toolchain/bin/../lib/gcc/arm-none-eabi/4.9.3/../../../../arm-none-eabi/lib/armv7-m\libstdc++_nano.a(vmi_class_type_info.o)
                0x0001b986                __cxxabiv1::__vmi_class_type_info::__do_find_public_src(int, void const*, __cxxabiv1::__class_type_info const*, void const*) const
 .text._ZNK10__cxxabiv117__class_type_info17__find_public_srcEiPKvPKS0_S2_
                0x0001b9fc       0x2a c:/sjsu_dev/toolchain/bin/../lib/gcc/arm-none-eabi/4.9.3/../../../../arm-none-eabi/lib/armv7-m\libstdc++_nano.a(vmi_class_type_info.o)
                0x0001b9fc                __cxxabiv1::__class_type_info::__find_public_src(int, void const*, __cxxabiv1::__class_type_info const*, void const*) const
 .text._ZNK10__cxxabiv121__vmi_class_type_info12__do_dyncastEiNS_17__class_type_info10__sub_kindEPKS1_PKvS4_S6_RNS1_16__dyncast_resultE
                0x0001ba26      0x284 c:/sjsu_dev/toolchain/bin/../lib/gcc/arm-none-eabi/4.9.3/../../../../arm-none-eabi/lib/armv7-m\libstdc++_nano.a(vmi_class_type_info.o)
                0x0001ba26                __cxxabiv1::__vmi_class_type_info::__do_dyncast(int, __cxxabiv1::__class_type_info::__sub_kind, __cxxabiv1::__class_type_info const*, void const*, __cxxabiv1::__class_type_info const*, void const*, __cxxabiv1::__class_type_info::__dyncast_result&) const
 .text._ZNK10__cxxabiv121__vmi_class_type_info11__do_upcastEPKNS_17__class_type_infoEPKvRNS1_15__upcast_resultE
                0x0001bcaa      0x12e c:/sjsu_dev/toolchain/bin/../lib/gcc/arm-none-eabi/4.9.3/../../../../arm-none-eabi/lib/armv7-m\libstdc++_nano.a(vmi_class_type_info.o)
                0x0001bcaa                __cxxabiv1::__vmi_class_type_info::__do_upcast(__cxxabiv1::__class_type_info const*, void const*, __cxxabiv1::__class_type_info::__upcast_result&) const
 .text._ZN10__cxxabiv120__si_class_type_infoD2Ev
                0x0001bdd8       0x14 c:/sjsu_dev/toolchain/bin/../lib/gcc/arm-none-eabi/4.9.3/../../../../arm-none-eabi/lib/armv7-m\libstdc++_nano.a(si_class_type_info.o)
                0x0001bdd8                __cxxabiv1::__si_class_type_info::~__si_class_type_info()
                0x0001bdd8                __cxxabiv1::__si_class_type_info::~__si_class_type_info()
 .text._ZN10__cxxabiv120__si_class_type_infoD0Ev
                0x0001bdec       0x12 c:/sjsu_dev/toolchain/bin/../lib/gcc/arm-none-eabi/4.9.3/../../../../arm-none-eabi/lib/armv7-m\libstdc++_nano.a(si_class_type_info.o)
                0x0001bdec                __cxxabiv1::__si_class_type_info::~__si_class_type_info()
 .text._ZNK10__cxxabiv120__si_class_type_info20__do_find_public_srcEiPKvPKNS_17__class_type_infoES2_